../Src/slcan/slcan.c:36:13:slcanSetOutputChar	0	static
../Src/slcan/slcan.c:50:13:slCanSendNibble	8	static
../Src/slcan/slcan.c:61:13:slcanSetOutputAsHex	8	static
../Src/slcan/slcan.c:139:16:parseHex	12	static
../Src/slcan/slcan.c:81:6:slcanClose	8	static
../Src/slcan/slcan.c:89:6:slcanOutputFlush	16	static
../Src/slcan/slcan.c:113:5:slCanProccesInput	16	static
../Src/slcan/slcan.c:214:9:slCanCheckCommand	104	static
../Src/slcan/slcan.c:451:9:slcan_getState	0	static
../Src/slcan/slcan.c:462:9:slcanReciveCanFrame	16	static
