Archive member included to satisfy reference by file (symbol)

c:/st/stm32cubeide_1.9.0/stm32cubeide/plugins/com.st.stm32cube.ide.mcu.externaltools.gnu-tools-for-stm32.10.3-2021.10.win32_1.0.0.202111181127/tools/bin/../lib/gcc/arm-none-eabi/10.3.1/../../../../arm-none-eabi/lib/thumb/v6-m/nofp\libc_nano.a(lib_a-exit.o)
                              c:/st/stm32cubeide_1.9.0/stm32cubeide/plugins/com.st.stm32cube.ide.mcu.externaltools.gnu-tools-for-stm32.10.3-2021.10.win32_1.0.0.202111181127/tools/bin/../lib/gcc/arm-none-eabi/10.3.1/../../../../arm-none-eabi/lib/thumb/v6-m/nofp/crt0.o (exit)
c:/st/stm32cubeide_1.9.0/stm32cubeide/plugins/com.st.stm32cube.ide.mcu.externaltools.gnu-tools-for-stm32.10.3-2021.10.win32_1.0.0.202111181127/tools/bin/../lib/gcc/arm-none-eabi/10.3.1/../../../../arm-none-eabi/lib/thumb/v6-m/nofp\libc_nano.a(lib_a-impure.o)
                              c:/st/stm32cubeide_1.9.0/stm32cubeide/plugins/com.st.stm32cube.ide.mcu.externaltools.gnu-tools-for-stm32.10.3-2021.10.win32_1.0.0.202111181127/tools/bin/../lib/gcc/arm-none-eabi/10.3.1/../../../../arm-none-eabi/lib/thumb/v6-m/nofp\libc_nano.a(lib_a-exit.o) (_global_impure_ptr)
c:/st/stm32cubeide_1.9.0/stm32cubeide/plugins/com.st.stm32cube.ide.mcu.externaltools.gnu-tools-for-stm32.10.3-2021.10.win32_1.0.0.202111181127/tools/bin/../lib/gcc/arm-none-eabi/10.3.1/../../../../arm-none-eabi/lib/thumb/v6-m/nofp\libc_nano.a(lib_a-init.o)
                              c:/st/stm32cubeide_1.9.0/stm32cubeide/plugins/com.st.stm32cube.ide.mcu.externaltools.gnu-tools-for-stm32.10.3-2021.10.win32_1.0.0.202111181127/tools/bin/../lib/gcc/arm-none-eabi/10.3.1/../../../../arm-none-eabi/lib/thumb/v6-m/nofp/crt0.o (__libc_init_array)
c:/st/stm32cubeide_1.9.0/stm32cubeide/plugins/com.st.stm32cube.ide.mcu.externaltools.gnu-tools-for-stm32.10.3-2021.10.win32_1.0.0.202111181127/tools/bin/../lib/gcc/arm-none-eabi/10.3.1/../../../../arm-none-eabi/lib/thumb/v6-m/nofp\libc_nano.a(lib_a-memcpy-stub.o)
                              ./Src/slcan/slcan.o (memcpy)
c:/st/stm32cubeide_1.9.0/stm32cubeide/plugins/com.st.stm32cube.ide.mcu.externaltools.gnu-tools-for-stm32.10.3-2021.10.win32_1.0.0.202111181127/tools/bin/../lib/gcc/arm-none-eabi/10.3.1/../../../../arm-none-eabi/lib/thumb/v6-m/nofp\libc_nano.a(lib_a-memset.o)
                              c:/st/stm32cubeide_1.9.0/stm32cubeide/plugins/com.st.stm32cube.ide.mcu.externaltools.gnu-tools-for-stm32.10.3-2021.10.win32_1.0.0.202111181127/tools/bin/../lib/gcc/arm-none-eabi/10.3.1/../../../../arm-none-eabi/lib/thumb/v6-m/nofp/crt0.o (memset)
c:/st/stm32cubeide_1.9.0/stm32cubeide/plugins/com.st.stm32cube.ide.mcu.externaltools.gnu-tools-for-stm32.10.3-2021.10.win32_1.0.0.202111181127/tools/bin/../lib/gcc/arm-none-eabi/10.3.1/thumb/v6-m/nofp\libgcc.a(_udivsi3.o)
                              ./Drivers/STM32F0xx_HAL_Driver/Src/stm32f0xx_hal.o (__aeabi_uidiv)
c:/st/stm32cubeide_1.9.0/stm32cubeide/plugins/com.st.stm32cube.ide.mcu.externaltools.gnu-tools-for-stm32.10.3-2021.10.win32_1.0.0.202111181127/tools/bin/../lib/gcc/arm-none-eabi/10.3.1/thumb/v6-m/nofp\libgcc.a(_dvmd_tls.o)
                              c:/st/stm32cubeide_1.9.0/stm32cubeide/plugins/com.st.stm32cube.ide.mcu.externaltools.gnu-tools-for-stm32.10.3-2021.10.win32_1.0.0.202111181127/tools/bin/../lib/gcc/arm-none-eabi/10.3.1/thumb/v6-m/nofp\libgcc.a(_udivsi3.o) (__aeabi_idiv0)
c:/st/stm32cubeide_1.9.0/stm32cubeide/plugins/com.st.stm32cube.ide.mcu.externaltools.gnu-tools-for-stm32.10.3-2021.10.win32_1.0.0.202111181127/tools/bin/../lib/gcc/arm-none-eabi/10.3.1/../../../../arm-none-eabi/lib/thumb/v6-m/nofp\libnosys.a(_exit.o)
                              c:/st/stm32cubeide_1.9.0/stm32cubeide/plugins/com.st.stm32cube.ide.mcu.externaltools.gnu-tools-for-stm32.10.3-2021.10.win32_1.0.0.202111181127/tools/bin/../lib/gcc/arm-none-eabi/10.3.1/../../../../arm-none-eabi/lib/thumb/v6-m/nofp\libc_nano.a(lib_a-exit.o) (_exit)

Discarded input sections

 .text          0x0000000000000000        0x0 c:/st/stm32cubeide_1.9.0/stm32cubeide/plugins/com.st.stm32cube.ide.mcu.externaltools.gnu-tools-for-stm32.10.3-2021.10.win32_1.0.0.202111181127/tools/bin/../lib/gcc/arm-none-eabi/10.3.1/thumb/v6-m/nofp/crti.o
 .data          0x0000000000000000        0x0 c:/st/stm32cubeide_1.9.0/stm32cubeide/plugins/com.st.stm32cube.ide.mcu.externaltools.gnu-tools-for-stm32.10.3-2021.10.win32_1.0.0.202111181127/tools/bin/../lib/gcc/arm-none-eabi/10.3.1/thumb/v6-m/nofp/crti.o
 .bss           0x0000000000000000        0x0 c:/st/stm32cubeide_1.9.0/stm32cubeide/plugins/com.st.stm32cube.ide.mcu.externaltools.gnu-tools-for-stm32.10.3-2021.10.win32_1.0.0.202111181127/tools/bin/../lib/gcc/arm-none-eabi/10.3.1/thumb/v6-m/nofp/crti.o
 .data          0x0000000000000000        0x4 c:/st/stm32cubeide_1.9.0/stm32cubeide/plugins/com.st.stm32cube.ide.mcu.externaltools.gnu-tools-for-stm32.10.3-2021.10.win32_1.0.0.202111181127/tools/bin/../lib/gcc/arm-none-eabi/10.3.1/thumb/v6-m/nofp/crtbegin.o
[...]
Memory Configuration

Name             Origin             Length             Attributes
RAM              0x0000000020000000 0x0000000000001800 xrw
FLASH            0x0000000008000000 0x0000000000008000 xr
*default*        0x0000000000000000 0xffffffffffffffff

Linker script and memory map

LOAD c:/st/stm32cubeide_1.9.0/stm32cubeide/plugins/com.st.stm32cube.ide.mcu.externaltools.gnu-tools-for-stm32.10.3-2021.10.win32_1.0.0.202111181127/tools/bin/../lib/gcc/arm-none-eabi/10.3.1/thumb/v6-m/nofp/crti.o
LOAD c:/st/stm32cubeide_1.9.0/stm32cubeide/plugins/com.st.stm32cube.ide.mcu.externaltools.gnu-tools-for-stm32.10.3-2021.10.win32_1.0.0.202111181127/tools/bin/../lib/gcc/arm-none-eabi/10.3.1/thumb/v6-m/nofp/crtbegin.o
LOAD c:/st/stm32cubeide_1.9.0/stm32cubeide/plugins/com.st.stm32cube.ide.mcu.externaltools.gnu-tools-for-stm32.10.3-2021.10.win32_1.0.0.202111181127/tools/bin/../lib/gcc/arm-none-eabi/10.3.1/../../../../arm-none-eabi/lib/thumb/v6-m/nofp/crt0.o
LOAD ./Drivers/STM32F0xx_HAL_Driver/Src/stm32f0xx_hal.o
LOAD ./Drivers/STM32F0xx_HAL_Driver/Src/stm32f0xx_hal_can.o
LOAD ./Drivers/STM32F0xx_HAL_Driver/Src/stm32f0xx_hal_cortex.o
LOAD ./Drivers/STM32F0xx_HAL_Driver/Src/stm32f0xx_hal_dma.o
LOAD ./Drivers/STM32F0xx_HAL_Driver/Src/stm32f0xx_hal_flash.o
LOAD ./Drivers/STM32F0xx_HAL_Driver/Src/stm32f0xx_hal_flash_ex.o
LOAD ./Drivers/STM32F0xx_HAL_Driver/Src/stm32f0xx_hal_gpio.o
LOAD ./Drivers/STM32F0xx_HAL_Driver/Src/stm32f0xx_hal_i2c.o
LOAD ./Drivers/STM32F0xx_HAL_Driver/Src/stm32f0xx_hal_i2c_ex.o
LOAD ./Drivers/STM32F0xx_HAL_Driver/Src/stm32f0xx_hal_iwdg.o
LOAD ./Drivers/STM32F0xx_HAL_Driver/Src/stm32f0xx_hal_pcd.o
LOAD ./Drivers/STM32F0xx_HAL_Driver/Src/stm32f0xx_hal_pcd_ex.o
LOAD ./Drivers/STM32F0xx_HAL_Driver/Src/stm32f0xx_hal_pwr.o
LOAD ./Drivers/STM32F0xx_HAL_Driver/Src/stm32f0xx_hal_pwr_ex.o
LOAD ./Drivers/STM32F0xx_HAL_Driver/Src/stm32f0xx_hal_rcc.o
LOAD ./Drivers/STM32F0xx_HAL_Driver/Src/stm32f0xx_hal_rcc_ex.o
LOAD ./Drivers/STM32F0xx_HAL_Driver/Src/stm32f0xx_hal_tim.o
LOAD ./Drivers/STM32F0xx_HAL_Driver/Src/stm32f0xx_hal_tim_ex.o
LOAD ./Drivers/STM32F0xx_HAL_Driver/Src/stm32f0xx_hal_uart.o
LOAD ./Drivers/STM32F0xx_HAL_Driver/Src/stm32f0xx_hal_uart_ex.o
LOAD ./Middlewares/ST/STM32_USB_Device_Library/Class/CDC/Src/usbd_cdc.o
LOAD ./Middlewares/ST/STM32_USB_Device_Library/Core/Src/usbd_core.o
LOAD ./Middlewares/ST/STM32_USB_Device_Library/Core/Src/usbd_ctlreq.o
LOAD ./Middlewares/ST/STM32_USB_Device_Library/Core/Src/usbd_ioreq.o
LOAD ./Src/bootloader/bootloader.o
LOAD ./Src/main.o
LOAD ./Src/stm32f0xx_hal_msp.o
LOAD ./Src/stm32f0xx_it.o
LOAD ./Src/system_stm32f0xx.o
LOAD ./Src/usb_device.o
LOAD ./Src/usbd_cdc_if.o
LOAD ./Src/usbd_conf.o
LOAD ./Src/usbd_desc.o
LOAD ./Src/slcan/slcan.o
LOAD ./Src/slcan/slcan_additional.o
LOAD ./startup/startup_stm32f042x6.o
START GROUP
LOAD c:/st/stm32cubeide_1.9.0/stm32cubeide/plugins/com.st.stm32cube.ide.mcu.externaltools.gnu-tools-for-stm32.10.3-2021.10.win32_1.0.0.202111181127/tools/bin/../lib/gcc/arm-none-eabi/10.3.1/../../../../arm-none-eabi/lib/thumb/v6-m/nofp\libc_nano.a
LOAD c:/st/stm32cubeide_1.9.0/stm32cubeide/plugins/com.st.stm32cube.ide.mcu.externaltools.gnu-tools-for-stm32.10.3-2021.10.win32_1.0.0.202111181127/tools/bin/../lib/gcc/arm-none-eabi/10.3.1/../../../../arm-none-eabi/lib/thumb/v6-m/nofp\libm.a
END GROUP
START GROUP
LOAD c:/st/stm32cubeide_1.9.0/stm32cubeide/plugins/com.st.stm32cube.ide.mcu.externaltools.gnu-tools-for-stm32.10.3-2021.10.win32_1.0.0.202111181127/tools/bin/../lib/gcc/arm-none-eabi/10.3.1/thumb/v6-m/nofp\libgcc.a
LOAD c:/st/stm32cubeide_1.9.0/stm32cubeide/plugins/com.st.stm32cube.ide.mcu.externaltools.gnu-tools-for-stm32.10.3-2021.10.win32_1.0.0.202111181127/tools/bin/../lib/gcc/arm-none-eabi/10.3.1/../../../../arm-none-eabi/lib/thumb/v6-m/nofp\libc_nano.a
END GROUP
START GROUP
LOAD c:/st/stm32cubeide_1.9.0/stm32cubeide/plugins/com.st.stm32cube.ide.mcu.externaltools.gnu-tools-for-stm32.10.3-2021.10.win32_1.0.0.202111181127/tools/bin/../lib/gcc/arm-none-eabi/10.3.1/thumb/v6-m/nofp\libgcc.a
LOAD c:/st/stm32cubeide_1.9.0/stm32cubeide/plugins/com.st.stm32cube.ide.mcu.externaltools.gnu-tools-for-stm32.10.3-2021.10.win32_1.0.0.202111181127/tools/bin/../lib/gcc/arm-none-eabi/10.3.1/../../../../arm-none-eabi/lib/thumb/v6-m/nofp\libc_nano.a
LOAD c:/st/stm32cubeide_1.9.0/stm32cubeide/plugins/com.st.stm32cube.ide.mcu.externaltools.gnu-tools-for-stm32.10.3-2021.10.win32_1.0.0.202111181127/tools/bin/../lib/gcc/arm-none-eabi/10.3.1/../../../../arm-none-eabi/lib/thumb/v6-m/nofp\libnosys.a
END GROUP
START GROUP
LOAD c:/st/stm32cubeide_1.9.0/stm32cubeide/plugins/com.st.stm32cube.ide.mcu.externaltools.gnu-tools-for-stm32.10.3-2021.10.win32_1.0.0.202111181127/tools/bin/../lib/gcc/arm-none-eabi/10.3.1/thumb/v6-m/nofp\libgcc.a
LOAD c:/st/stm32cubeide_1.9.0/stm32cubeide/plugins/com.st.stm32cube.ide.mcu.externaltools.gnu-tools-for-stm32.10.3-2021.10.win32_1.0.0.202111181127/tools/bin/../lib/gcc/arm-none-eabi/10.3.1/../../../../arm-none-eabi/lib/thumb/v6-m/nofp\libc_nano.a
LOAD c:/st/stm32cubeide_1.9.0/stm32cubeide/plugins/com.st.stm32cube.ide.mcu.externaltools.gnu-tools-for-stm32.10.3-2021.10.win32_1.0.0.202111181127/tools/bin/../lib/gcc/arm-none-eabi/10.3.1/../../../../arm-none-eabi/lib/thumb/v6-m/nofp\libnosys.a
END GROUP
LOAD c:/st/stm32cubeide_1.9.0/stm32cubeide/plugins/com.st.stm32cube.ide.mcu.externaltools.gnu-tools-for-stm32.10.3-2021.10.win32_1.0.0.202111181127/tools/bin/../lib/gcc/arm-none-eabi/10.3.1/thumb/v6-m/nofp/crtend.o
LOAD c:/st/stm32cubeide_1.9.0/stm32cubeide/plugins/com.st.stm32cube.ide.mcu.externaltools.gnu-tools-for-stm32.10.3-2021.10.win32_1.0.0.202111181127/tools/bin/../lib/gcc/arm-none-eabi/10.3.1/thumb/v6-m/nofp/crtn.o
                0x0000000020001800                _estack = 0x20001800
                0x0000000000000200                _Min_Heap_Size = 0x200
                0x0000000000000400                _Min_Stack_Size = 0x400

.isr_vector     0x0000000008000000       0xc0
                0x0000000008000000                . = ALIGN (0x4)
 *(.isr_vector)
 .isr_vector    0x0000000008000000       0xc0 ./startup/startup_stm32f042x6.o
                0x0000000008000000                g_pfnVectors
                0x00000000080000c0                . = ALIGN (0x4)

.text           0x00000000080000c0     0x799c
                0x00000000080000c0                . = ALIGN (0x4)
 *(.text)
 .text          0x00000000080000c0       0x48 c:/st/stm32cubeide_1.9.0/stm32cubeide/plugins/com.st.stm32cube.ide.mcu.externaltools.gnu-tools-for-stm32.10.3-2021.10.win32_1.0.0.202111181127/tools/bin/../lib/gcc/arm-none-eabi/10.3.1/thumb/v6-m/nofp/crtbegin.o
 .text          0x0000000008000108      0x114 c:/st/stm32cubeide_1.9.0/stm32cubeide/plugins/com.st.stm32cube.ide.mcu.externaltools.gnu-tools-for-stm32.10.3-2021.10.win32_1.0.0.202111181127/tools/bin/../lib/gcc/arm-none-eabi/10.3.1/thumb/v6-m/nofp\libgcc.a(_udivsi3.o)
                0x0000000008000108                __aeabi_uidiv
                0x0000000008000108                __udivsi3
                0x0000000008000214                __aeabi_uidivmod
 .text          0x000000000800021c        0x4 c:/st/stm32cubeide_1.9.0/stm32cubeide/plugins/com.st.stm32cube.ide.mcu.externaltools.gnu-tools-for-stm32.10.3-2021.10.win32_1.0.0.202111181127/tools/bin/../lib/gcc/arm-none-eabi/10.3.1/thumb/v6-m/nofp\libgcc.a(_dvmd_tls.o)
                0x000000000800021c                __aeabi_idiv0
                0x000000000800021c                __aeabi_ldiv0
 *(.text*)
 .text.HAL_Init
                0x0000000008000220       0x28 ./Drivers/STM32F0xx_HAL_Driver/Src/stm32f0xx_hal.o
                0x0000000008000220                HAL_Init
 .text.HAL_InitTick
                0x0000000008000248       0x38 ./Drivers/STM32F0xx_HAL_Driver/Src/stm32f0xx_hal.o
                0x0000000008000248                HAL_InitTick
 .text.HAL_IncTick
                0x0000000008000280       0x18 ./Drivers/STM32F0xx_HAL_Driver/Src/stm32f0xx_hal.o
                0x0000000008000280                HAL_IncTick
 .text.HAL_GetTick
                0x0000000008000298       0x14 ./Drivers/STM32F0xx_HAL_Driver/Src/stm32f0xx_hal.o
                0x0000000008000298                HAL_GetTick
 .text.HAL_CAN_Init
                0x00000000080002ac      0x248 ./Drivers/STM32F0xx_HAL_Driver/Src/stm32f0xx_hal_can.o
                0x00000000080002ac                HAL_CAN_Init
 .text.HAL_CAN_ConfigFilter
                0x00000000080004f4      0x1dc ./Drivers/STM32F0xx_HAL_Driver/Src/stm32f0xx_hal_can.o
                0x00000000080004f4                HAL_CAN_ConfigFilter
 .text.HAL_CAN_Transmit
                0x00000000080006d0      0x388 ./Drivers/STM32F0xx_HAL_Driver/Src/stm32f0xx_hal_can.o
                0x00000000080006d0                HAL_CAN_Transmit
 .text.HAL_CAN_Receive_IT
                0x0000000008000a58      0x188 ./Drivers/STM32F0xx_HAL_Driver/Src/stm32f0xx_hal_can.o
                0x0000000008000a58                HAL_CAN_Receive_IT
 .text.HAL_CAN_IRQHandler
                0x0000000008000be0      0x340 ./Drivers/STM32F0xx_HAL_Driver/Src/stm32f0xx_hal_can.o
                0x0000000008000be0                HAL_CAN_IRQHandler
 .text.HAL_CAN_TxCpltCallback
                0x0000000008000f20       0x10 ./Drivers/STM32F0xx_HAL_Driver/Src/stm32f0xx_hal_can.o
                0x0000000008000f20                HAL_CAN_TxCpltCallback
 .text.HAL_CAN_GetError
                0x0000000008000f30       0x14 ./Drivers/STM32F0xx_HAL_Driver/Src/stm32f0xx_hal_can.o
                0x0000000008000f30                HAL_CAN_GetError
 .text.CAN_Transmit_IT
                0x0000000008000f44       0x8c ./Drivers/STM32F0xx_HAL_Driver/Src/stm32f0xx_hal_can.o
 .text.CAN_Receive_IT
                0x0000000008000fd0      0x2bc ./Drivers/STM32F0xx_HAL_Driver/Src/stm32f0xx_hal_can.o
 .text.NVIC_EnableIRQ
                0x000000000800128c       0x2c ./Drivers/STM32F0xx_HAL_Driver/Src/stm32f0xx_hal_cortex.o
 .text.NVIC_DisableIRQ
                0x00000000080012b8       0x30 ./Drivers/STM32F0xx_HAL_Driver/Src/stm32f0xx_hal_cortex.o
 .text.NVIC_SetPriority
                0x00000000080012e8       0xdc ./Drivers/STM32F0xx_HAL_Driver/Src/stm32f0xx_hal_cortex.o
 .text.SysTick_Config
                0x00000000080013c4       0x48 ./Drivers/STM32F0xx_HAL_Driver/Src/stm32f0xx_hal_cortex.o
 .text.HAL_NVIC_SetPriority
                0x000000000800140c       0x2a ./Drivers/STM32F0xx_HAL_Driver/Src/stm32f0xx_hal_cortex.o
                0x000000000800140c                HAL_NVIC_SetPriority
 .text.HAL_NVIC_EnableIRQ
                0x0000000008001436       0x20 ./Drivers/STM32F0xx_HAL_Driver/Src/stm32f0xx_hal_cortex.o
                0x0000000008001436                HAL_NVIC_EnableIRQ
 .text.HAL_NVIC_DisableIRQ
                0x0000000008001456       0x20 ./Drivers/STM32F0xx_HAL_Driver/Src/stm32f0xx_hal_cortex.o
                0x0000000008001456                HAL_NVIC_DisableIRQ
 .text.HAL_SYSTICK_Config
                0x0000000008001476       0x1a ./Drivers/STM32F0xx_HAL_Driver/Src/stm32f0xx_hal_cortex.o
                0x0000000008001476                HAL_SYSTICK_Config
 .text.HAL_SYSTICK_CLKSourceConfig
                0x0000000008001490       0x34 ./Drivers/STM32F0xx_HAL_Driver/Src/stm32f0xx_hal_cortex.o
                0x0000000008001490                HAL_SYSTICK_CLKSourceConfig
 .text.HAL_SYSTICK_IRQHandler
                0x00000000080014c4        0xe ./Drivers/STM32F0xx_HAL_Driver/Src/stm32f0xx_hal_cortex.o
                0x00000000080014c4                HAL_SYSTICK_IRQHandler
 .text.HAL_SYSTICK_Callback
                0x00000000080014d2        0xa ./Drivers/STM32F0xx_HAL_Driver/Src/stm32f0xx_hal_cortex.o
                0x00000000080014d2                HAL_SYSTICK_Callback
 .text.HAL_FLASH_Unlock
                0x00000000080014dc       0x34 ./Drivers/STM32F0xx_HAL_Driver/Src/stm32f0xx_hal_flash.o
                0x00000000080014dc                HAL_FLASH_Unlock
 .text.HAL_FLASH_Lock
                0x0000000008001510       0x1c ./Drivers/STM32F0xx_HAL_Driver/Src/stm32f0xx_hal_flash.o
                0x0000000008001510                HAL_FLASH_Lock
 .text.HAL_FLASH_OB_Unlock
                0x000000000800152c       0x34 ./Drivers/STM32F0xx_HAL_Driver/Src/stm32f0xx_hal_flash.o
                0x000000000800152c                HAL_FLASH_OB_Unlock
 .text.HAL_FLASH_OB_Lock
                0x0000000008001560       0x20 ./Drivers/STM32F0xx_HAL_Driver/Src/stm32f0xx_hal_flash.o
                0x0000000008001560                HAL_FLASH_OB_Lock
 .text.HAL_FLASH_OB_Launch
                0x0000000008001580       0x2c ./Drivers/STM32F0xx_HAL_Driver/Src/stm32f0xx_hal_flash.o
                0x0000000008001580                HAL_FLASH_OB_Launch
 .text.FLASH_WaitForLastOperation
                0x00000000080015ac       0x80 ./Drivers/STM32F0xx_HAL_Driver/Src/stm32f0xx_hal_flash.o
                0x00000000080015ac                FLASH_WaitForLastOperation
 .text.FLASH_SetErrorCode
                0x000000000800162c       0x60 ./Drivers/STM32F0xx_HAL_Driver/Src/stm32f0xx_hal_flash.o
 .text.HAL_FLASHEx_OBErase
                0x000000000800168c       0x9c ./Drivers/STM32F0xx_HAL_Driver/Src/stm32f0xx_hal_flash_ex.o
                0x000000000800168c                HAL_FLASHEx_OBErase
 .text.HAL_FLASHEx_OBProgram
                0x0000000008001728      0x124 ./Drivers/STM32F0xx_HAL_Driver/Src/stm32f0xx_hal_flash_ex.o
                0x0000000008001728                HAL_FLASHEx_OBProgram
 .text.HAL_FLASHEx_OBGetConfig
                0x000000000800184c       0x38 ./Drivers/STM32F0xx_HAL_Driver/Src/stm32f0xx_hal_flash_ex.o
                0x000000000800184c                HAL_FLASHEx_OBGetConfig
 .text.FLASH_OB_EnableWRP
                0x0000000008001884       0xc4 ./Drivers/STM32F0xx_HAL_Driver/Src/stm32f0xx_hal_flash_ex.o
 .text.FLASH_OB_DisableWRP
                0x0000000008001948       0xc4 ./Drivers/STM32F0xx_HAL_Driver/Src/stm32f0xx_hal_flash_ex.o
 .text.FLASH_OB_RDP_LevelConfig
                0x0000000008001a0c       0xc0 ./Drivers/STM32F0xx_HAL_Driver/Src/stm32f0xx_hal_flash_ex.o
 .text.FLASH_OB_UserConfig
                0x0000000008001acc       0x80 ./Drivers/STM32F0xx_HAL_Driver/Src/stm32f0xx_hal_flash_ex.o
 .text.FLASH_OB_ProgramData
                0x0000000008001b4c       0x80 ./Drivers/STM32F0xx_HAL_Driver/Src/stm32f0xx_hal_flash_ex.o
 .text.FLASH_OB_GetWRP
                0x0000000008001bcc       0x14 ./Drivers/STM32F0xx_HAL_Driver/Src/stm32f0xx_hal_flash_ex.o
 .text.FLASH_OB_GetRDP
                0x0000000008001be0       0x38 ./Drivers/STM32F0xx_HAL_Driver/Src/stm32f0xx_hal_flash_ex.o
 .text.FLASH_OB_GetUser
                0x0000000008001c18       0x18 ./Drivers/STM32F0xx_HAL_Driver/Src/stm32f0xx_hal_flash_ex.o
 .text.HAL_GPIO_Init
                0x0000000008001c30      0x2d8 ./Drivers/STM32F0xx_HAL_Driver/Src/stm32f0xx_hal_gpio.o
                0x0000000008001c30                HAL_GPIO_Init
 .text.HAL_GPIO_WritePin
                0x0000000008001f08       0x3a ./Drivers/STM32F0xx_HAL_Driver/Src/stm32f0xx_hal_gpio.o
                0x0000000008001f08                HAL_GPIO_WritePin
 *fill*         0x0000000008001f42        0x2 
 .text.HAL_IWDG_Init
                0x0000000008001f44       0x94 ./Drivers/STM32F0xx_HAL_Driver/Src/stm32f0xx_hal_iwdg.o
                0x0000000008001f44                HAL_IWDG_Init
 .text.HAL_IWDG_Refresh
                0x0000000008001fd8       0x20 ./Drivers/STM32F0xx_HAL_Driver/Src/stm32f0xx_hal_iwdg.o
                0x0000000008001fd8                HAL_IWDG_Refresh
 .text.HAL_PCD_Init
                0x0000000008001ff8      0x1e0 ./Drivers/STM32F0xx_HAL_Driver/Src/stm32f0xx_hal_pcd.o
                0x0000000008001ff8                HAL_PCD_Init
 .text.HAL_PCD_Start
                0x00000000080021d8       0x30 ./Drivers/STM32F0xx_HAL_Driver/Src/stm32f0xx_hal_pcd.o
                0x00000000080021d8                HAL_PCD_Start
 .text.HAL_PCD_IRQHandler
                0x0000000008002208      0x250 ./Drivers/STM32F0xx_HAL_Driver/Src/stm32f0xx_hal_pcd.o
                0x0000000008002208                HAL_PCD_IRQHandler
 .text.HAL_PCD_SetAddress
                0x0000000008002458       0x5a ./Drivers/STM32F0xx_HAL_Driver/Src/stm32f0xx_hal_pcd.o
                0x0000000008002458                HAL_PCD_SetAddress
 *fill*         0x00000000080024b2        0x2 
 .text.HAL_PCD_EP_Open
                0x00000000080024b4      0x6f8 ./Drivers/STM32F0xx_HAL_Driver/Src/stm32f0xx_hal_pcd.o
                0x00000000080024b4                HAL_PCD_EP_Open
 .text.HAL_PCD_EP_Close
                0x0000000008002bac      0x3d4 ./Drivers/STM32F0xx_HAL_Driver/Src/stm32f0xx_hal_pcd.o
                0x0000000008002bac                HAL_PCD_EP_Close
 .text.HAL_PCD_EP_Receive
                0x0000000008002f80      0x2ec ./Drivers/STM32F0xx_HAL_Driver/Src/stm32f0xx_hal_pcd.o
                0x0000000008002f80                HAL_PCD_EP_Receive
 .text.HAL_PCD_EP_GetRxCount
                0x000000000800326c       0x34 ./Drivers/STM32F0xx_HAL_Driver/Src/stm32f0xx_hal_pcd.o
                0x000000000800326c                HAL_PCD_EP_GetRxCount
 .text.HAL_PCD_EP_Transmit
                0x00000000080032a0      0x360 ./Drivers/STM32F0xx_HAL_Driver/Src/stm32f0xx_hal_pcd.o
                0x00000000080032a0                HAL_PCD_EP_Transmit
 .text.HAL_PCD_EP_SetStall
                0x0000000008003600      0x164 ./Drivers/STM32F0xx_HAL_Driver/Src/stm32f0xx_hal_pcd.o
                0x0000000008003600                HAL_PCD_EP_SetStall
 .text.HAL_PCD_EP_ClrStall
                0x0000000008003764      0x1bc ./Drivers/STM32F0xx_HAL_Driver/Src/stm32f0xx_hal_pcd.o
                0x0000000008003764                HAL_PCD_EP_ClrStall
 .text.PCD_WritePMA
                0x0000000008003920       0x86 ./Drivers/STM32F0xx_HAL_Driver/Src/stm32f0xx_hal_pcd.o
                0x0000000008003920                PCD_WritePMA
 .text.PCD_ReadPMA
                0x00000000080039a6       0x94 ./Drivers/STM32F0xx_HAL_Driver/Src/stm32f0xx_hal_pcd.o
                0x00000000080039a6                PCD_ReadPMA
 *fill*         0x0000000008003a3a        0x2 
 .text.PCD_EP_ISR_Handler
                0x0000000008003a3c      0x6c8 ./Drivers/STM32F0xx_HAL_Driver/Src/stm32f0xx_hal_pcd.o
 .text.HAL_PCDEx_PMAConfig
                0x0000000008004104       0x9c ./Drivers/STM32F0xx_HAL_Driver/Src/stm32f0xx_hal_pcd_ex.o
                0x0000000008004104                HAL_PCDEx_PMAConfig
 .text.HAL_RCC_OscConfig
                0x00000000080041a0      0x1e0 ./Drivers/STM32F0xx_HAL_Driver/Src/stm32f0xx_hal_rcc.o
                0x00000000080041a0                HAL_RCC_OscConfig
 .text.HAL_RCC_ClockConfig
                0x0000000008004380      0x214 ./Drivers/STM32F0xx_HAL_Driver/Src/stm32f0xx_hal_rcc.o
                0x0000000008004380                HAL_RCC_ClockConfig
 .text.HAL_RCC_GetSysClockFreq
                0x0000000008004594      0x100 ./Drivers/STM32F0xx_HAL_Driver/Src/stm32f0xx_hal_rcc.o
                0x0000000008004594                HAL_RCC_GetSysClockFreq
 .text.HAL_RCC_GetHCLKFreq
                0x0000000008004694       0x14 ./Drivers/STM32F0xx_HAL_Driver/Src/stm32f0xx_hal_rcc.o
                0x0000000008004694                HAL_RCC_GetHCLKFreq
 .text.HAL_RCC_GetPCLK1Freq
                0x00000000080046a8       0x2c ./Drivers/STM32F0xx_HAL_Driver/Src/stm32f0xx_hal_rcc.o
                0x00000000080046a8                HAL_RCC_GetPCLK1Freq
 .text.HAL_RCCEx_PeriphCLKConfig
                0x00000000080046d4      0x1dc ./Drivers/STM32F0xx_HAL_Driver/Src/stm32f0xx_hal_rcc_ex.o
                0x00000000080046d4                HAL_RCCEx_PeriphCLKConfig
 .text.HAL_UART_Init
                0x00000000080048b0       0xb0 ./Drivers/STM32F0xx_HAL_Driver/Src/stm32f0xx_hal_uart.o
                0x00000000080048b0                HAL_UART_Init
 .text.HAL_UART_Transmit
                0x0000000008004960      0x146 ./Drivers/STM32F0xx_HAL_Driver/Src/stm32f0xx_hal_uart.o
                0x0000000008004960                HAL_UART_Transmit
 *fill*         0x0000000008004aa6        0x2 
 .text.HAL_UART_Receive_IT
                0x0000000008004aa8      0x13c ./Drivers/STM32F0xx_HAL_Driver/Src/stm32f0xx_hal_uart.o
                0x0000000008004aa8                HAL_UART_Receive_IT
 .text.UART_SetConfig
                0x0000000008004be4      0x2f0 ./Drivers/STM32F0xx_HAL_Driver/Src/stm32f0xx_hal_uart.o
                0x0000000008004be4                UART_SetConfig
 .text.UART_AdvFeatureConfig
                0x0000000008004ed4      0x168 ./Drivers/STM32F0xx_HAL_Driver/Src/stm32f0xx_hal_uart.o
                0x0000000008004ed4                UART_AdvFeatureConfig
 .text.UART_CheckIdleState
                0x000000000800503c       0xa0 ./Drivers/STM32F0xx_HAL_Driver/Src/stm32f0xx_hal_uart.o
                0x000000000800503c                UART_CheckIdleState
 .text.UART_WaitOnFlagUntilTimeout
                0x00000000080050dc       0x98 ./Drivers/STM32F0xx_HAL_Driver/Src/stm32f0xx_hal_uart.o
                0x00000000080050dc                UART_WaitOnFlagUntilTimeout
 .text.UART_Receive_IT
                0x0000000008005174       0xf4 ./Drivers/STM32F0xx_HAL_Driver/Src/stm32f0xx_hal_uart.o
                0x0000000008005174                UART_Receive_IT
 .text.USBD_CDC_Init
                0x0000000008005268       0xf2 ./Middlewares/ST/STM32_USB_Device_Library/Class/CDC/Src/usbd_cdc.o
 .text.USBD_CDC_DeInit
                0x000000000800535a       0x72 ./Middlewares/ST/STM32_USB_Device_Library/Class/CDC/Src/usbd_cdc.o
 .text.USBD_CDC_Setup
                0x00000000080053cc       0xcc ./Middlewares/ST/STM32_USB_Device_Library/Class/CDC/Src/usbd_cdc.o
 .text.USBD_CDC_DataIn
                0x0000000008005498       0x3c ./Middlewares/ST/STM32_USB_Device_Library/Class/CDC/Src/usbd_cdc.o
 .text.USBD_CDC_DataOut
                0x00000000080054d4       0x6a ./Middlewares/ST/STM32_USB_Device_Library/Class/CDC/Src/usbd_cdc.o
 *fill*         0x000000000800553e        0x2 
 .text.USBD_CDC_EP0_RxReady
                0x0000000008005540       0x60 ./Middlewares/ST/STM32_USB_Device_Library/Class/CDC/Src/usbd_cdc.o
 .text.USBD_CDC_GetFSCfgDesc
                0x00000000080055a0       0x1c ./Middlewares/ST/STM32_USB_Device_Library/Class/CDC/Src/usbd_cdc.o
 .text.USBD_CDC_GetHSCfgDesc
                0x00000000080055bc       0x1c ./Middlewares/ST/STM32_USB_Device_Library/Class/CDC/Src/usbd_cdc.o
 .text.USBD_CDC_GetOtherSpeedCfgDesc
                0x00000000080055d8       0x1c ./Middlewares/ST/STM32_USB_Device_Library/Class/CDC/Src/usbd_cdc.o
 .text.USBD_CDC_GetDeviceQualifierDescriptor
                0x00000000080055f4       0x1c ./Middlewares/ST/STM32_USB_Device_Library/Class/CDC/Src/usbd_cdc.o
                0x00000000080055f4                USBD_CDC_GetDeviceQualifierDescriptor
 .text.USBD_CDC_RegisterInterface
                0x0000000008005610       0x36 ./Middlewares/ST/STM32_USB_Device_Library/Class/CDC/Src/usbd_cdc.o
                0x0000000008005610                USBD_CDC_RegisterInterface
 .text.USBD_CDC_SetTxBuffer
                0x0000000008005646       0x38 ./Middlewares/ST/STM32_USB_Device_Library/Class/CDC/Src/usbd_cdc.o
                0x0000000008005646                USBD_CDC_SetTxBuffer
 .text.USBD_CDC_SetRxBuffer
                0x000000000800567e       0x28 ./Middlewares/ST/STM32_USB_Device_Library/Class/CDC/Src/usbd_cdc.o
                0x000000000800567e                USBD_CDC_SetRxBuffer
 .text.USBD_CDC_TransmitPacket
                0x00000000080056a6       0x62 ./Middlewares/ST/STM32_USB_Device_Library/Class/CDC/Src/usbd_cdc.o
                0x00000000080056a6                USBD_CDC_TransmitPacket
 .text.USBD_CDC_ReceivePacket
                0x0000000008005708       0x5c ./Middlewares/ST/STM32_USB_Device_Library/Class/CDC/Src/usbd_cdc.o
                0x0000000008005708                USBD_CDC_ReceivePacket
 .text.USBD_Init
                0x0000000008005764       0x62 ./Middlewares/ST/STM32_USB_Device_Library/Core/Src/usbd_core.o
                0x0000000008005764                USBD_Init
 .text.USBD_RegisterClass
                0x00000000080057c6       0x40 ./Middlewares/ST/STM32_USB_Device_Library/Core/Src/usbd_core.o
                0x00000000080057c6                USBD_RegisterClass
 .text.USBD_Start
                0x0000000008005806       0x1a ./Middlewares/ST/STM32_USB_Device_Library/Core/Src/usbd_core.o
                0x0000000008005806                USBD_Start
 .text.USBD_RunTestMode
                0x0000000008005820       0x12 ./Middlewares/ST/STM32_USB_Device_Library/Core/Src/usbd_core.o
                0x0000000008005820                USBD_RunTestMode
 .text.USBD_SetClassConfig
                0x0000000008005832       0x4e ./Middlewares/ST/STM32_USB_Device_Library/Core/Src/usbd_core.o
                0x0000000008005832                USBD_SetClassConfig
 .text.USBD_ClrClassConfig
                0x0000000008005880       0x2c ./Middlewares/ST/STM32_USB_Device_Library/Core/Src/usbd_core.o
                0x0000000008005880                USBD_ClrClassConfig
 .text.USBD_LL_SetupStage
                0x00000000080058ac       0xbc ./Middlewares/ST/STM32_USB_Device_Library/Core/Src/usbd_core.o
                0x00000000080058ac                USBD_LL_SetupStage
 .text.USBD_LL_DataOutStage
                0x0000000008005968       0xd2 ./Middlewares/ST/STM32_USB_Device_Library/Core/Src/usbd_core.o
                0x0000000008005968                USBD_LL_DataOutStage
 .text.USBD_LL_DataInStage
                0x0000000008005a3a      0x146 ./Middlewares/ST/STM32_USB_Device_Library/Core/Src/usbd_core.o
                0x0000000008005a3a                USBD_LL_DataInStage
 .text.USBD_LL_Reset
                0x0000000008005b80       0x66 ./Middlewares/ST/STM32_USB_Device_Library/Core/Src/usbd_core.o
                0x0000000008005b80                USBD_LL_Reset
 .text.USBD_LL_SetSpeed
                0x0000000008005be6       0x20 ./Middlewares/ST/STM32_USB_Device_Library/Core/Src/usbd_core.o
                0x0000000008005be6                USBD_LL_SetSpeed
 .text.USBD_LL_Suspend
                0x0000000008005c06       0x2c ./Middlewares/ST/STM32_USB_Device_Library/Core/Src/usbd_core.o
                0x0000000008005c06                USBD_LL_Suspend
 .text.USBD_LL_Resume
                0x0000000008005c32       0x22 ./Middlewares/ST/STM32_USB_Device_Library/Core/Src/usbd_core.o
                0x0000000008005c32                USBD_LL_Resume
 .text.USBD_LL_SOF
                0x0000000008005c54       0x3c ./Middlewares/ST/STM32_USB_Device_Library/Core/Src/usbd_core.o
                0x0000000008005c54                USBD_LL_SOF
 .text.USBD_StdDevReq
                0x0000000008005c90       0xa8 ./Middlewares/ST/STM32_USB_Device_Library/Core/Src/usbd_ctlreq.o
                0x0000000008005c90                USBD_StdDevReq
 .text.USBD_StdItfReq
                0x0000000008005d38       0x7c ./Middlewares/ST/STM32_USB_Device_Library/Core/Src/usbd_ctlreq.o
                0x0000000008005d38                USBD_StdItfReq
 .text.USBD_StdEPReq
                0x0000000008005db4      0x220 ./Middlewares/ST/STM32_USB_Device_Library/Core/Src/usbd_ctlreq.o
                0x0000000008005db4                USBD_StdEPReq
 .text.USBD_GetDescriptor
                0x0000000008005fd4      0x210 ./Middlewares/ST/STM32_USB_Device_Library/Core/Src/usbd_ctlreq.o
 .text.USBD_SetAddress
                0x00000000080061e4       0x9e ./Middlewares/ST/STM32_USB_Device_Library/Core/Src/usbd_ctlreq.o
 *fill*         0x0000000008006282        0x2 
 .text.USBD_SetConfig
                0x0000000008006284      0x138 ./Middlewares/ST/STM32_USB_Device_Library/Core/Src/usbd_ctlreq.o
 .text.USBD_GetConfig
                0x00000000080063bc       0x70 ./Middlewares/ST/STM32_USB_Device_Library/Core/Src/usbd_ctlreq.o
 .text.USBD_GetStatus
                0x000000000800642c       0x5e ./Middlewares/ST/STM32_USB_Device_Library/Core/Src/usbd_ctlreq.o
 .text.USBD_SetFeature
                0x000000000800648a       0x3e ./Middlewares/ST/STM32_USB_Device_Library/Core/Src/usbd_ctlreq.o
 .text.USBD_ClrFeature
                0x00000000080064c8       0x5e ./Middlewares/ST/STM32_USB_Device_Library/Core/Src/usbd_ctlreq.o
 .text.USBD_ParseSetupRequest
                0x0000000008006526       0x76 ./Middlewares/ST/STM32_USB_Device_Library/Core/Src/usbd_ctlreq.o
                0x0000000008006526                USBD_ParseSetupRequest
 .text.USBD_CtlError
                0x000000000800659c       0x26 ./Middlewares/ST/STM32_USB_Device_Library/Core/Src/usbd_ctlreq.o
                0x000000000800659c                USBD_CtlError
 .text.USBD_GetString
                0x00000000080065c2       0x9e ./Middlewares/ST/STM32_USB_Device_Library/Core/Src/usbd_ctlreq.o
                0x00000000080065c2                USBD_GetString
 .text.USBD_GetLen
                0x0000000008006660       0x3a ./Middlewares/ST/STM32_USB_Device_Library/Core/Src/usbd_ctlreq.o
 .text.USBD_CtlSendData
                0x000000000800669a       0x40 ./Middlewares/ST/STM32_USB_Device_Library/Core/Src/usbd_ioreq.o
                0x000000000800669a                USBD_CtlSendData
 .text.USBD_CtlContinueSendData
                0x00000000080066da       0x26 ./Middlewares/ST/STM32_USB_Device_Library/Core/Src/usbd_ioreq.o
                0x00000000080066da                USBD_CtlContinueSendData
 .text.USBD_CtlPrepareRx
                0x0000000008006700       0x48 ./Middlewares/ST/STM32_USB_Device_Library/Core/Src/usbd_ioreq.o
                0x0000000008006700                USBD_CtlPrepareRx
 .text.USBD_CtlContinueRx
                0x0000000008006748       0x26 ./Middlewares/ST/STM32_USB_Device_Library/Core/Src/usbd_ioreq.o
                0x0000000008006748                USBD_CtlContinueRx
 .text.USBD_CtlSendStatus
                0x000000000800676e       0x28 ./Middlewares/ST/STM32_USB_Device_Library/Core/Src/usbd_ioreq.o
                0x000000000800676e                USBD_CtlSendStatus
 .text.USBD_CtlReceiveStatus
                0x0000000008006796       0x28 ./Middlewares/ST/STM32_USB_Device_Library/Core/Src/usbd_ioreq.o
                0x0000000008006796                USBD_CtlReceiveStatus
 .text.RebootToBootloader
                0x00000000080067be       0x36 ./Src/bootloader/bootloader.o
                0x00000000080067be                RebootToBootloader
 .text.bootloaderSwitcher
                0x00000000080067f4       0x3c ./Src/bootloader/bootloader.o
                0x00000000080067f4                bootloaderSwitcher
 .text.HAL_CAN_ErrorCallback
                0x0000000008006830        0xa ./Src/main.o
                0x0000000008006830                HAL_CAN_ErrorCallback
 .text.SystemClock_Config
                0x000000000800683a       0x76 ./Src/main.o
                0x000000000800683a                SystemClock_Config
 .text.main     0x00000000080068b0      0x1bc ./Src/main.o
                0x00000000080068b0                main
 .text.HAL_CAN_RxCpltCallback
                0x0000000008006a6c       0x10 ./Src/main.o
                0x0000000008006a6c                HAL_CAN_RxCpltCallback
 .text.HAL_UART_RxCpltCallback
                0x0000000008006a7c       0x30 ./Src/main.o
                0x0000000008006a7c                HAL_UART_RxCpltCallback
 .text._Error_Handler
                0x0000000008006aac        0x2 ./Src/main.o
                0x0000000008006aac                _Error_Handler
 *fill*         0x0000000008006aae        0x2 
 .text.HAL_MspInit
                0x0000000008006ab0       0x54 ./Src/stm32f0xx_hal_msp.o
                0x0000000008006ab0                HAL_MspInit
 .text.HAL_CAN_MspInit
                0x0000000008006b04       0x50 ./Src/stm32f0xx_hal_msp.o
                0x0000000008006b04                HAL_CAN_MspInit
 .text.HAL_UART_MspInit
                0x0000000008006b54       0x4c ./Src/stm32f0xx_hal_msp.o
                0x0000000008006b54                HAL_UART_MspInit
 .text.NMI_Handler
                0x0000000008006ba0        0x2 ./Src/stm32f0xx_it.o
                0x0000000008006ba0                NMI_Handler
 .text.HardFault_Handler
                0x0000000008006ba2        0x2 ./Src/stm32f0xx_it.o
                0x0000000008006ba2                HardFault_Handler
 .text.SVC_Handler
                0x0000000008006ba4        0x2 ./Src/stm32f0xx_it.o
                0x0000000008006ba4                SVC_Handler
 .text.PendSV_Handler
                0x0000000008006ba6        0x2 ./Src/stm32f0xx_it.o
                0x0000000008006ba6                PendSV_Handler
 .text.SysTick_Handler
                0x0000000008006ba8        0xc ./Src/stm32f0xx_it.o
                0x0000000008006ba8                SysTick_Handler
 .text.USB_IRQHandler
                0x0000000008006bb4       0x10 ./Src/stm32f0xx_it.o
                0x0000000008006bb4                USB_IRQHandler
 .text.CEC_CAN_IRQHandler
                0x0000000008006bc4       0x10 ./Src/stm32f0xx_it.o
                0x0000000008006bc4                CEC_CAN_IRQHandler
 .text.USART2_IRQHandler
                0x0000000008006bd4       0x10 ./Src/stm32f0xx_it.o
                0x0000000008006bd4                USART2_IRQHandler
 .text.SystemInit
                0x0000000008006be4       0x60 ./Src/system_stm32f0xx.o
                0x0000000008006be4                SystemInit
 .text.MX_USB_DEVICE_Init
                0x0000000008006c44       0x38 ./Src/usb_device.o
                0x0000000008006c44                MX_USB_DEVICE_Init
 .text.CDC_DeInit_FS
                0x0000000008006c7c        0x4 ./Src/usbd_cdc_if.o
 .text.CDC_Receive_FS
                0x0000000008006c80       0x54 ./Src/usbd_cdc_if.o
 .text.CDC_Control_FS
                0x0000000008006cd4       0x10 ./Src/usbd_cdc_if.o
 .text.CDC_Init_FS
                0x0000000008006ce4       0x28 ./Src/usbd_cdc_if.o
 .text.CDC_Transmit_FS
                0x0000000008006d0c       0x30 ./Src/usbd_cdc_if.o
                0x0000000008006d0c                CDC_Transmit_FS
 .text.HAL_PCD_MspInit
                0x0000000008006d3c       0x40 ./Src/usbd_conf.o
                0x0000000008006d3c                HAL_PCD_MspInit
 .text.HAL_PCD_SetupStageCallback
                0x0000000008006d7c       0x14 ./Src/usbd_conf.o
                0x0000000008006d7c                HAL_PCD_SetupStageCallback
 .text.HAL_PCD_DataOutStageCallback
                0x0000000008006d90       0x1c ./Src/usbd_conf.o
                0x0000000008006d90                HAL_PCD_DataOutStageCallback
 .text.HAL_PCD_DataInStageCallback
                0x0000000008006dac       0x18 ./Src/usbd_conf.o
                0x0000000008006dac                HAL_PCD_DataInStageCallback
 .text.HAL_PCD_SOFCallback
                0x0000000008006dc4        0xe ./Src/usbd_conf.o
                0x0000000008006dc4                HAL_PCD_SOFCallback
 .text.HAL_PCD_ResetCallback
                0x0000000008006dd2       0x18 ./Src/usbd_conf.o
                0x0000000008006dd2                HAL_PCD_ResetCallback
 *fill*         0x0000000008006dea        0x2 
 .text.HAL_PCD_SuspendCallback
                0x0000000008006dec       0x24 ./Src/usbd_conf.o
                0x0000000008006dec                HAL_PCD_SuspendCallback
 .text.HAL_PCD_ResumeCallback
                0x0000000008006e10       0x2c ./Src/usbd_conf.o
                0x0000000008006e10                HAL_PCD_ResumeCallback
 .text.USBD_LL_Init
                0x0000000008006e3c       0x90 ./Src/usbd_conf.o
                0x0000000008006e3c                USBD_LL_Init
 .text.USBD_LL_Start
                0x0000000008006ecc       0x1a ./Src/usbd_conf.o
                0x0000000008006ecc                USBD_LL_Start
 .text.USBD_LL_OpenEP
                0x0000000008006ee6       0x20 ./Src/usbd_conf.o
                0x0000000008006ee6                USBD_LL_OpenEP
 .text.USBD_LL_CloseEP
                0x0000000008006f06       0x1a ./Src/usbd_conf.o
                0x0000000008006f06                USBD_LL_CloseEP
 .text.USBD_LL_StallEP
                0x0000000008006f20       0x1a ./Src/usbd_conf.o
                0x0000000008006f20                USBD_LL_StallEP
 .text.USBD_LL_ClearStallEP
                0x0000000008006f3a       0x1a ./Src/usbd_conf.o
                0x0000000008006f3a                USBD_LL_ClearStallEP
 .text.USBD_LL_IsStallEP
                0x0000000008006f54       0x32 ./Src/usbd_conf.o
                0x0000000008006f54                USBD_LL_IsStallEP
 .text.USBD_LL_SetUSBAddress
                0x0000000008006f86       0x1a ./Src/usbd_conf.o
                0x0000000008006f86                USBD_LL_SetUSBAddress
 .text.USBD_LL_Transmit
                0x0000000008006fa0       0x1a ./Src/usbd_conf.o
                0x0000000008006fa0                USBD_LL_Transmit
 .text.USBD_LL_PrepareReceive
                0x0000000008006fba       0x1a ./Src/usbd_conf.o
                0x0000000008006fba                USBD_LL_PrepareReceive
 .text.USBD_LL_GetRxDataSize
                0x0000000008006fd4        0xe ./Src/usbd_conf.o
                0x0000000008006fd4                USBD_LL_GetRxDataSize
 *fill*         0x0000000008006fe2        0x2 
 .text.USBD_static_malloc
                0x0000000008006fe4        0x8 ./Src/usbd_conf.o
                0x0000000008006fe4                USBD_static_malloc
 .text.USBD_static_free
                0x0000000008006fec        0x2 ./Src/usbd_conf.o
                0x0000000008006fec                USBD_static_free
 *fill*         0x0000000008006fee        0x2 
 .text.USBD_FS_DeviceDescriptor
                0x0000000008006ff0        0xc ./Src/usbd_desc.o
                0x0000000008006ff0                USBD_FS_DeviceDescriptor
 .text.USBD_FS_LangIDStrDescriptor
                0x0000000008006ffc        0xc ./Src/usbd_desc.o
                0x0000000008006ffc                USBD_FS_LangIDStrDescriptor
 .text.USBD_FS_ProductStrDescriptor
                0x0000000008007008       0x28 ./Src/usbd_desc.o
                0x0000000008007008                USBD_FS_ProductStrDescriptor
 .text.USBD_FS_ManufacturerStrDescriptor
                0x0000000008007030       0x1c ./Src/usbd_desc.o
                0x0000000008007030                USBD_FS_ManufacturerStrDescriptor
 .text.USBD_FS_SerialStrDescriptor
                0x000000000800704c       0x28 ./Src/usbd_desc.o
                0x000000000800704c                USBD_FS_SerialStrDescriptor
 .text.USBD_FS_ConfigStrDescriptor
                0x0000000008007074       0x28 ./Src/usbd_desc.o
                0x0000000008007074                USBD_FS_ConfigStrDescriptor
 .text.USBD_FS_InterfaceStrDescriptor
                0x000000000800709c       0x28 ./Src/usbd_desc.o
                0x000000000800709c                USBD_FS_InterfaceStrDescriptor
 .text.slcanSetOutputChar
                0x00000000080070c4       0x28 ./Src/slcan/slcan.o
 .text.slCanSendNibble
                0x00000000080070ec       0x16 ./Src/slcan/slcan.o
 .text.slcanSetOutputAsHex
                0x0000000008007102       0x14 ./Src/slcan/slcan.o
 .text.parseHex
                0x0000000008007116       0x62 ./Src/slcan/slcan.o
 .text.slcanClose
                0x0000000008007178       0x14 ./Src/slcan/slcan.o
                0x0000000008007178                slcanClose
 .text.slcanOutputFlush
                0x000000000800718c       0x60 ./Src/slcan/slcan.o
                0x000000000800718c                slcanOutputFlush
 .text.slCanProccesInput
                0x00000000080071ec       0x48 ./Src/slcan/slcan.o
                0x00000000080071ec                slCanProccesInput
 .text.slCanCheckCommand
                0x0000000008007234      0x4b8 ./Src/slcan/slcan.o
                0x0000000008007234                slCanCheckCommand
 .text.slcan_getState
                0x00000000080076ec        0xc ./Src/slcan/slcan.o
                0x00000000080076ec                slcan_getState
 .text.slcanReciveCanFrame
                0x00000000080076f8       0x90 ./Src/slcan/slcan.o
                0x00000000080076f8                slcanReciveCanFrame
 .text.CANInit  0x0000000008007788       0x24 ./Src/slcan/slcan_additional.o
                0x0000000008007788                CANInit
 .text.slcanClearAllFilters
                0x00000000080077ac       0x34 ./Src/slcan/slcan_additional.o
                0x00000000080077ac                slcanClearAllFilters
 .text.slcanFillIdRegister32
                0x00000000080077e0       0x6e ./Src/slcan/slcan_additional.o
                0x00000000080077e0                slcanFillIdRegister32
 .text.slcanFillIdRegister16
                0x000000000800784e       0x9c ./Src/slcan/slcan_additional.o
                0x000000000800784e                slcanFillIdRegister16
 *fill*         0x00000000080078ea        0x2 
 .text.slcanSetCANBaudRate
                0x00000000080078ec       0x78 ./Src/slcan/slcan_additional.o
                0x00000000080078ec                slcanSetCANBaudRate
 .text.Reset_Handler
                0x0000000008007964       0x80 ./startup/startup_stm32f042x6.o
                0x0000000008007964                Reset_Handler
 .text.Default_Handler
                0x00000000080079e4        0x2 ./startup/startup_stm32f042x6.o
                0x00000000080079e4                TIM1_CC_IRQHandler
                0x00000000080079e4                TSC_IRQHandler
                0x00000000080079e4                I2C1_IRQHandler
                0x00000000080079e4                RCC_CRS_IRQHandler
                0x00000000080079e4                SPI1_IRQHandler
                0x00000000080079e4                EXTI2_3_IRQHandler
                0x00000000080079e4                ADC1_IRQHandler
                0x00000000080079e4                TIM17_IRQHandler
                0x00000000080079e4                RTC_IRQHandler
                0x00000000080079e4                PVD_VDDIO2_IRQHandler
                0x00000000080079e4                TIM16_IRQHandler
                0x00000000080079e4                TIM3_IRQHandler
                0x00000000080079e4                EXTI4_15_IRQHandler
                0x00000000080079e4                DMA1_Channel1_IRQHandler
                0x00000000080079e4                Default_Handler
                0x00000000080079e4                TIM14_IRQHandler
                0x00000000080079e4                DMA1_Channel4_5_IRQHandler
                0x00000000080079e4                EXTI0_1_IRQHandler
                0x00000000080079e4                SPI2_IRQHandler
                0x00000000080079e4                WWDG_IRQHandler
                0x00000000080079e4                TIM2_IRQHandler
                0x00000000080079e4                DMA1_Channel2_3_IRQHandler
                0x00000000080079e4                FLASH_IRQHandler
                0x00000000080079e4                USART1_IRQHandler
                0x00000000080079e4                TIM1_BRK_UP_TRG_COM_IRQHandler
 *fill*         0x00000000080079e6        0x2 
 .text.__libc_init_array
                0x00000000080079e8       0x48 c:/st/stm32cubeide_1.9.0/stm32cubeide/plugins/com.st.stm32cube.ide.mcu.externaltools.gnu-tools-for-stm32.10.3-2021.10.win32_1.0.0.202111181127/tools/bin/../lib/gcc/arm-none-eabi/10.3.1/../../../../arm-none-eabi/lib/thumb/v6-m/nofp\libc_nano.a(lib_a-init.o)
                0x00000000080079e8                __libc_init_array
 .text.memcpy   0x0000000008007a30       0x12 c:/st/stm32cubeide_1.9.0/stm32cubeide/plugins/com.st.stm32cube.ide.mcu.externaltools.gnu-tools-for-stm32.10.3-2021.10.win32_1.0.0.202111181127/tools/bin/../lib/gcc/arm-none-eabi/10.3.1/../../../../arm-none-eabi/lib/thumb/v6-m/nofp\libc_nano.a(lib_a-memcpy-stub.o)
                0x0000000008007a30                memcpy
 *(.glue_7)
 .glue_7        0x0000000008007a42        0x0 linker stubs
 *(.glue_7t)
 .glue_7t       0x0000000008007a42        0x0 linker stubs
 *(.eh_frame)
 *fill*         0x0000000008007a42        0x2 
 .eh_frame      0x0000000008007a44        0x0 c:/st/stm32cubeide_1.9.0/stm32cubeide/plugins/com.st.stm32cube.ide.mcu.externaltools.gnu-tools-for-stm32.10.3-2021.10.win32_1.0.0.202111181127/tools/bin/../lib/gcc/arm-none-eabi/10.3.1/thumb/v6-m/nofp/crtbegin.o
 *(.init)
 .init          0x0000000008007a44        0x4 c:/st/stm32cubeide_1.9.0/stm32cubeide/plugins/com.st.stm32cube.ide.mcu.externaltools.gnu-tools-for-stm32.10.3-2021.10.win32_1.0.0.202111181127/tools/bin/../lib/gcc/arm-none-eabi/10.3.1/thumb/v6-m/nofp/crti.o
                0x0000000008007a44                _init
 .init          0x0000000008007a48        0x8 c:/st/stm32cubeide_1.9.0/stm32cubeide/plugins/com.st.stm32cube.ide.mcu.externaltools.gnu-tools-for-stm32.10.3-2021.10.win32_1.0.0.202111181127/tools/bin/../lib/gcc/arm-none-eabi/10.3.1/thumb/v6-m/nofp/crtn.o
 *(.fini)
 .fini          0x0000000008007a50        0x4 c:/st/stm32cubeide_1.9.0/stm32cubeide/plugins/com.st.stm32cube.ide.mcu.externaltools.gnu-tools-for-stm32.10.3-2021.10.win32_1.0.0.202111181127/tools/bin/../lib/gcc/arm-none-eabi/10.3.1/thumb/v6-m/nofp/crti.o
                0x0000000008007a50                _fini
 .fini          0x0000000008007a54        0x8 c:/st/stm32cubeide_1.9.0/stm32cubeide/plugins/com.st.stm32cube.ide.mcu.externaltools.gnu-tools-for-stm32.10.3-2021.10.win32_1.0.0.202111181127/tools/bin/../lib/gcc/arm-none-eabi/10.3.1/thumb/v6-m/nofp/crtn.o
                0x0000000008007a5c                . = ALIGN (0x4)
                0x0000000008007a5c                _etext = .

.vfp11_veneer   0x0000000008007a5c        0x0
 .vfp11_veneer  0x0000000008007a5c        0x0 linker stubs

.v4_bx          0x0000000008007a5c        0x0
 .v4_bx         0x0000000008007a5c        0x0 linker stubs

.iplt           0x0000000008007a5c        0x0
 .iplt          0x0000000008007a5c        0x0 c:/st/stm32cubeide_1.9.0/stm32cubeide/plugins/com.st.stm32cube.ide.mcu.externaltools.gnu-tools-for-stm32.10.3-2021.10.win32_1.0.0.202111181127/tools/bin/../lib/gcc/arm-none-eabi/10.3.1/thumb/v6-m/nofp/crtbegin.o

.rodata         0x0000000008007a5c      0x288
                0x0000000008007a5c                . = ALIGN (0x4)
 *(.rodata)
 .rodata        0x0000000008007a5c       0x20 ./Drivers/STM32F0xx_HAL_Driver/Src/stm32f0xx_hal_rcc.o
 *(.rodata*)
 .rodata.USBD_StdDevReq
                0x0000000008007a7c       0x28 ./Middlewares/ST/STM32_USB_Device_Library/Core/Src/usbd_ctlreq.o
 .rodata.USBD_GetDescriptor
                0x0000000008007aa4       0x38 ./Middlewares/ST/STM32_USB_Device_Library/Core/Src/usbd_ctlreq.o
 .rodata.AHBPrescTable
                0x0000000008007adc       0x10 ./Src/system_stm32f0xx.o
                0x0000000008007adc                AHBPrescTable
 .rodata.APBPrescTable
                0x0000000008007aec        0x8 ./Src/system_stm32f0xx.o
                0x0000000008007aec                APBPrescTable
 .rodata.USBD_LL_Init.str1.4
                0x0000000008007af4       0x13 ./Src/usbd_conf.o
 *fill*         0x0000000008007b07        0x1 
 .rodata.USBD_FS_ProductStrDescriptor.str1.4
                0x0000000008007b08       0x17 ./Src/usbd_desc.o
 *fill*         0x0000000008007b1f        0x1 
 .rodata.USBD_FS_ManufacturerStrDescriptor.str1.4
                0x0000000008007b20        0xb ./Src/usbd_desc.o
 *fill*         0x0000000008007b2b        0x1 
 .rodata.USBD_FS_SerialStrDescriptor.str1.4
                0x0000000008007b2c        0xd ./Src/usbd_desc.o
 *fill*         0x0000000008007b39        0x3 
 .rodata.USBD_FS_ConfigStrDescriptor.str1.4
                0x0000000008007b3c        0xb ./Src/usbd_desc.o
 *fill*         0x0000000008007b47        0x1 
 .rodata.USBD_FS_InterfaceStrDescriptor.str1.4
                0x0000000008007b48        0xe ./Src/usbd_desc.o
 *fill*         0x0000000008007b56        0x2 
 .rodata.slCanCheckCommand
                0x0000000008007b58       0xf8 ./Src/slcan/slcan.o
 .rodata.slcanSetCANBaudRate
                0x0000000008007c50       0x94 ./Src/slcan/slcan_additional.o
                0x0000000008007ce4                . = ALIGN (0x4)

.rel.dyn        0x0000000008007ce4        0x0
 .rel.iplt      0x0000000008007ce4        0x0 c:/st/stm32cubeide_1.9.0/stm32cubeide/plugins/com.st.stm32cube.ide.mcu.externaltools.gnu-tools-for-stm32.10.3-2021.10.win32_1.0.0.202111181127/tools/bin/../lib/gcc/arm-none-eabi/10.3.1/thumb/v6-m/nofp/crtbegin.o

.ARM.extab
 *(.ARM.extab* .gnu.linkonce.armextab.*)

.ARM            0x0000000008007ce4        0x0
                0x0000000008007ce4                __exidx_start = .
 *(.ARM.exidx*)
                0x0000000008007ce4                __exidx_end = .

.preinit_array  0x0000000008007ce4        0x0
                0x0000000008007ce4                PROVIDE (__preinit_array_start = .)
 *(.preinit_array*)
                0x0000000008007ce4                PROVIDE (__preinit_array_end = .)

.init_array     0x0000000008007ce4        0x4
                0x0000000008007ce4                PROVIDE (__init_array_start = .)
 *(SORT_BY_NAME(.init_array.*))
 *(.init_array*)
 .init_array    0x0000000008007ce4        0x4 c:/st/stm32cubeide_1.9.0/stm32cubeide/plugins/com.st.stm32cube.ide.mcu.externaltools.gnu-tools-for-stm32.10.3-2021.10.win32_1.0.0.202111181127/tools/bin/../lib/gcc/arm-none-eabi/10.3.1/thumb/v6-m/nofp/crtbegin.o
                0x0000000008007ce8                PROVIDE (__init_array_end = .)

.fini_array     0x0000000008007ce8        0x4
                [!provide]                        PROVIDE (__fini_array_start = .)
 *(SORT_BY_NAME(.fini_array.*))
 *(.fini_array*)
 .fini_array    0x0000000008007ce8        0x4 c:/st/stm32cubeide_1.9.0/stm32cubeide/plugins/com.st.stm32cube.ide.mcu.externaltools.gnu-tools-for-stm32.10.3-2021.10.win32_1.0.0.202111181127/tools/bin/../lib/gcc/arm-none-eabi/10.3.1/thumb/v6-m/nofp/crtbegin.o
                [!provide]                        PROVIDE (__fini_array_end = .)
                0x0000000008007cec                _sidata = LOADADDR (.data)

.data           0x0000000020000000      0x160 load address 0x0000000008007cec
                0x0000000020000000                . = ALIGN (0x4)
                0x0000000020000000                _sdata = .
 *(.data)
 *(.data*)
 .data.USBD_CDC_DeviceQualifierDesc
                0x0000000020000000        0xa ./Middlewares/ST/STM32_USB_Device_Library/Class/CDC/Src/usbd_cdc.o
 *fill*         0x000000002000000a        0x2 
 .data.USBD_CDC
                0x000000002000000c       0x38 ./Middlewares/ST/STM32_USB_Device_Library/Class/CDC/Src/usbd_cdc.o
                0x000000002000000c                USBD_CDC
 .data.USBD_CDC_CfgHSDesc
                0x0000000020000044       0x43 ./Middlewares/ST/STM32_USB_Device_Library/Class/CDC/Src/usbd_cdc.o
                0x0000000020000044                USBD_CDC_CfgHSDesc
 *fill*         0x0000000020000087        0x1 
 .data.USBD_CDC_CfgFSDesc
                0x0000000020000088       0x43 ./Middlewares/ST/STM32_USB_Device_Library/Class/CDC/Src/usbd_cdc.o
                0x0000000020000088                USBD_CDC_CfgFSDesc
 *fill*         0x00000000200000cb        0x1 
 .data.USBD_CDC_OtherSpeedCfgDesc
                0x00000000200000cc       0x43 ./Middlewares/ST/STM32_USB_Device_Library/Class/CDC/Src/usbd_cdc.o
                0x00000000200000cc                USBD_CDC_OtherSpeedCfgDesc
 *fill*         0x000000002000010f        0x1 
 .data.uid      0x0000000020000110        0x4 ./Src/main.o
                0x0000000020000110                uid
 .data.SystemCoreClock
                0x0000000020000114        0x4 ./Src/system_stm32f0xx.o
                0x0000000020000114                SystemCoreClock
 .data.USBD_Interface_fops_FS
                0x0000000020000118       0x10 ./Src/usbd_cdc_if.o
                0x0000000020000118                USBD_Interface_fops_FS
 .data.FS_Desc  0x0000000020000128       0x1c ./Src/usbd_desc.o
                0x0000000020000128                FS_Desc
 .data.USBD_FS_DeviceDesc
                0x0000000020000144       0x12 ./Src/usbd_desc.o
                0x0000000020000144                USBD_FS_DeviceDesc
 *fill*         0x0000000020000156        0x2 
 .data.USBD_LangIDDesc
                0x0000000020000158        0x4 ./Src/usbd_desc.o
                0x0000000020000158                USBD_LangIDDesc
 .data.terminator
                0x000000002000015c        0x1 ./Src/slcan/slcan.o
                0x0000000020000160                . = ALIGN (0x4)
 *fill*         0x000000002000015d        0x3 
                0x0000000020000160                _edata = .

.igot.plt       0x0000000020000160        0x0 load address 0x0000000008007e4c
 .igot.plt      0x0000000020000160        0x0 c:/st/stm32cubeide_1.9.0/stm32cubeide/plugins/com.st.stm32cube.ide.mcu.externaltools.gnu-tools-for-stm32.10.3-2021.10.win32_1.0.0.202111181127/tools/bin/../lib/gcc/arm-none-eabi/10.3.1/thumb/v6-m/nofp/crtbegin.o
                0x0000000020000160                . = ALIGN (0x4)

.bss            0x0000000020000160      0xba8 load address 0x0000000008007e4c
                0x0000000020000160                _sbss = .
                0x0000000020000160                __bss_start__ = _sbss
 *(.bss)
 .bss           0x0000000020000160       0x1c c:/st/stm32cubeide_1.9.0/stm32cubeide/plugins/com.st.stm32cube.ide.mcu.externaltools.gnu-tools-for-stm32.10.3-2021.10.win32_1.0.0.202111181127/tools/bin/../lib/gcc/arm-none-eabi/10.3.1/thumb/v6-m/nofp/crtbegin.o
 *(.bss*)
 .bss.uwTick    0x000000002000017c        0x4 ./Drivers/STM32F0xx_HAL_Driver/Src/stm32f0xx_hal.o
                0x000000002000017c                uwTick
 .bss.pFlash    0x0000000020000180       0x20 ./Drivers/STM32F0xx_HAL_Driver/Src/stm32f0xx_hal_flash.o
                0x0000000020000180                pFlash
 .bss.ifalt.0   0x00000000200001a0        0x1 ./Middlewares/ST/STM32_USB_Device_Library/Class/CDC/Src/usbd_cdc.o
 .bss.cfgidx.0  0x00000000200001a1        0x1 ./Middlewares/ST/STM32_USB_Device_Library/Core/Src/usbd_ctlreq.o
 *fill*         0x00000000200001a2        0x2 
 .bss.CanRxBuffer
                0x00000000200001a4       0x24 ./Src/main.o
                0x00000000200001a4                CanRxBuffer
 .bss.CanTxBuffer
                0x00000000200001c8       0x1c ./Src/main.o
                0x00000000200001c8                CanTxBuffer
 .bss.Uart2RxFifo
                0x00000000200001e4        0x1 ./Src/main.o
                0x00000000200001e4                Uart2RxFifo
 *fill*         0x00000000200001e5        0x3 
 .bss.canRxFlags
                0x00000000200001e8        0x2 ./Src/main.o
                0x00000000200001e8                canRxFlags
 *fill*         0x00000000200001ea        0x2 
 .bss.hcan      0x00000000200001ec       0x44 ./Src/main.o
                0x00000000200001ec                hcan
 .bss.hiwdg     0x0000000020000230       0x10 ./Src/main.o
                0x0000000020000230                hiwdg
 .bss.huart2    0x0000000020000240       0x70 ./Src/main.o
                0x0000000020000240                huart2
 .bss.serialNumber
                0x00000000200002b0        0x4 ./Src/main.o
                0x00000000200002b0                serialNumber
 .bss.hUsbDeviceFS
                0x00000000200002b4      0x224 ./Src/usb_device.o
                0x00000000200002b4                hUsbDeviceFS
 .bss.UserRxBufferFS
                0x00000000200004d8       0x80 ./Src/usbd_cdc_if.o
                0x00000000200004d8                UserRxBufferFS
 .bss.UserTxBufferFS
                0x0000000020000558       0x80 ./Src/usbd_cdc_if.o
                0x0000000020000558                UserTxBufferFS
 .bss.hpcd_USB_FS
                0x00000000200005d8      0x220 ./Src/usbd_conf.o
                0x00000000200005d8                hpcd_USB_FS
 .bss.mem.0     0x00000000200007f8      0x220 ./Src/usbd_conf.o
 .bss.USBD_StrDesc
                0x0000000020000a18      0x200 ./Src/usbd_desc.o
                0x0000000020000a18                USBD_StrDesc
 .bss.command   0x0000000020000c18       0x64 ./Src/slcan/slcan.o
                0x0000000020000c18                command
 .bss.line.0    0x0000000020000c7c       0x64 ./Src/slcan/slcan.o
 .bss.linepos.1
                0x0000000020000ce0        0x1 ./Src/slcan/slcan.o
 *fill*         0x0000000020000ce1        0x3 
 .bss.sl_frame  0x0000000020000ce4       0x20 ./Src/slcan/slcan.o
                0x0000000020000ce4                sl_frame
 .bss.sl_frame_len
                0x0000000020000d04        0x1 ./Src/slcan/slcan.o
                0x0000000020000d04                sl_frame_len
 .bss.state     0x0000000020000d05        0x1 ./Src/slcan/slcan.o
 *(COMMON)
                0x0000000020000d08                . = ALIGN (0x4)
 *fill*         0x0000000020000d06        0x2 
                0x0000000020000d08                _ebss = .
                0x0000000020000d08                __bss_end__ = _ebss

._user_heap_stack
                0x0000000020000d08      0x600 load address 0x0000000008007e4c
                0x0000000020000d08                . = ALIGN (0x4)
                [!provide]                        PROVIDE (end = .)
                [!provide]                        PROVIDE (_end = .)
                0x0000000020000f08                . = (. + _Min_Heap_Size)
 *fill*         0x0000000020000d08      0x200 
                0x0000000020001308                . = (. + _Min_Stack_Size)
 *fill*         0x0000000020000f08      0x400 
                0x0000000020001308                . = ALIGN (0x4)

/DISCARD/
 libc.a(*)
 libm.a(*)
 libgcc.a(*)

.ARM.attributes
                0x0000000000000000       0x28
 *(.ARM.attributes)
 .ARM.attributes
                0x0000000000000000       0x1e c:/st/stm32cubeide_1.9.0/stm32cubeide/plugins/com.st.stm32cube.ide.mcu.externaltools.gnu-tools-for-stm32.10.3-2021.10.win32_1.0.0.202111181127/tools/bin/../lib/gcc/arm-none-eabi/10.3.1/thumb/v6-m/nofp/crti.o
 .ARM.attributes
                0x000000000000001e       0x2c c:/st/stm32cubeide_1.9.0/stm32cubeide/plugins/com.st.stm32cube.ide.mcu.externaltools.gnu-tools-for-stm32.10.3-2021.10.win32_1.0.0.202111181127/tools/bin/../lib/gcc/arm-none-eabi/10.3.1/thumb/v6-m/nofp/crtbegin.o
 .ARM.attributes
                0x000000000000004a       0x2c ./Drivers/STM32F0xx_HAL_Driver/Src/stm32f0xx_hal.o
 .ARM.attributes
                0x0000000000000076       0x2c ./Drivers/STM32F0xx_HAL_Driver/Src/stm32f0xx_hal_can.o
 .ARM.attributes
                0x00000000000000a2       0x2c ./Drivers/STM32F0xx_HAL_Driver/Src/stm32f0xx_hal_cortex.o
 .ARM.attributes
                0x00000000000000ce       0x2c ./Drivers/STM32F0xx_HAL_Driver/Src/stm32f0xx_hal_flash.o
 .ARM.attributes
                0x00000000000000fa       0x2c ./Drivers/STM32F0xx_HAL_Driver/Src/stm32f0xx_hal_flash_ex.o
 .ARM.attributes
                0x0000000000000126       0x2c ./Drivers/STM32F0xx_HAL_Driver/Src/stm32f0xx_hal_gpio.o
 .ARM.attributes
                0x0000000000000152       0x2c ./Drivers/STM32F0xx_HAL_Driver/Src/stm32f0xx_hal_iwdg.o
 .ARM.attributes
                0x000000000000017e       0x2c ./Drivers/STM32F0xx_HAL_Driver/Src/stm32f0xx_hal_pcd.o
 .ARM.attributes
                0x00000000000001aa       0x2c ./Drivers/STM32F0xx_HAL_Driver/Src/stm32f0xx_hal_pcd_ex.o
 .ARM.attributes
                0x00000000000001d6       0x2c ./Drivers/STM32F0xx_HAL_Driver/Src/stm32f0xx_hal_rcc.o
 .ARM.attributes
                0x0000000000000202       0x2c ./Drivers/STM32F0xx_HAL_Driver/Src/stm32f0xx_hal_rcc_ex.o
 .ARM.attributes
                0x000000000000022e       0x2c ./Drivers/STM32F0xx_HAL_Driver/Src/stm32f0xx_hal_uart.o
 .ARM.attributes
                0x000000000000025a       0x2c ./Middlewares/ST/STM32_USB_Device_Library/Class/CDC/Src/usbd_cdc.o
 .ARM.attributes
                0x0000000000000286       0x2c ./Middlewares/ST/STM32_USB_Device_Library/Core/Src/usbd_core.o
 .ARM.attributes
                0x00000000000002b2       0x2c ./Middlewares/ST/STM32_USB_Device_Library/Core/Src/usbd_ctlreq.o
 .ARM.attributes
                0x00000000000002de       0x2c ./Middlewares/ST/STM32_USB_Device_Library/Core/Src/usbd_ioreq.o
 .ARM.attributes
                0x000000000000030a       0x2c ./Src/bootloader/bootloader.o
 .ARM.attributes
                0x0000000000000336       0x2c ./Src/main.o
 .ARM.attributes
                0x0000000000000362       0x2c ./Src/stm32f0xx_hal_msp.o
 .ARM.attributes
                0x000000000000038e       0x2c ./Src/stm32f0xx_it.o
 .ARM.attributes
                0x00000000000003ba       0x2c ./Src/system_stm32f0xx.o
 .ARM.attributes
                0x00000000000003e6       0x2c ./Src/usb_device.o
 .ARM.attributes
                0x0000000000000412       0x2c ./Src/usbd_cdc_if.o
 .ARM.attributes
                0x000000000000043e       0x2c ./Src/usbd_conf.o
 .ARM.attributes
                0x000000000000046a       0x2c ./Src/usbd_desc.o
 .ARM.attributes
                0x0000000000000496       0x2c ./Src/slcan/slcan.o
 .ARM.attributes
                0x00000000000004c2       0x2c ./Src/slcan/slcan_additional.o
 .ARM.attributes
                0x00000000000004ee       0x21 ./startup/startup_stm32f042x6.o
 .ARM.attributes
                0x000000000000050f       0x2c c:/st/stm32cubeide_1.9.0/stm32cubeide/plugins/com.st.stm32cube.ide.mcu.externaltools.gnu-tools-for-stm32.10.3-2021.10.win32_1.0.0.202111181127/tools/bin/../lib/gcc/arm-none-eabi/10.3.1/../../../../arm-none-eabi/lib/thumb/v6-m/nofp\libc_nano.a(lib_a-init.o)
 .ARM.attributes
                0x000000000000053b       0x2c c:/st/stm32cubeide_1.9.0/stm32cubeide/plugins/com.st.stm32cube.ide.mcu.externaltools.gnu-tools-for-stm32.10.3-2021.10.win32_1.0.0.202111181127/tools/bin/../lib/gcc/arm-none-eabi/10.3.1/../../../../arm-none-eabi/lib/thumb/v6-m/nofp\libc_nano.a(lib_a-memcpy-stub.o)
 .ARM.attributes
                0x0000000000000567       0x1e c:/st/stm32cubeide_1.9.0/stm32cubeide/plugins/com.st.stm32cube.ide.mcu.externaltools.gnu-tools-for-stm32.10.3-2021.10.win32_1.0.0.202111181127/tools/bin/../lib/gcc/arm-none-eabi/10.3.1/thumb/v6-m/nofp\libgcc.a(_udivsi3.o)
 .ARM.attributes
                0x0000000000000585       0x1e c:/st/stm32cubeide_1.9.0/stm32cubeide/plugins/com.st.stm32cube.ide.mcu.externaltools.gnu-tools-for-stm32.10.3-2021.10.win32_1.0.0.202111181127/tools/bin/../lib/gcc/arm-none-eabi/10.3.1/thumb/v6-m/nofp\libgcc.a(_dvmd_tls.o)
 .ARM.attributes
                0x00000000000005a3       0x1e c:/st/stm32cubeide_1.9.0/stm32cubeide/plugins/com.st.stm32cube.ide.mcu.externaltools.gnu-tools-for-stm32.10.3-2021.10.win32_1.0.0.202111181127/tools/bin/../lib/gcc/arm-none-eabi/10.3.1/thumb/v6-m/nofp/crtn.o
OUTPUT(UCCBEmbedded.elf elf32-littlearm)
LOAD linker stubs
LOAD c:/st/stm32cubeide_1.9.0/stm32cubeide/plugins/com.st.stm32cube.ide.mcu.externaltools.gnu-tools-for-stm32.10.3-2021.10.win32_1.0.0.202111181127/tools/bin/../lib/gcc/arm-none-eabi/10.3.1/../../../../arm-none-eabi/lib/thumb/v6-m/nofp\libc.a
LOAD c:/st/stm32cubeide_1.9.0/stm32cubeide/plugins/com.st.stm32cube.ide.mcu.externaltools.gnu-tools-for-stm32.10.3-2021.10.win32_1.0.0.202111181127/tools/bin/../lib/gcc/arm-none-eabi/10.3.1/../../../../arm-none-eabi/lib/thumb/v6-m/nofp\libm.a
LOAD c:/st/stm32cubeide_1.9.0/stm32cubeide/plugins/com.st.stm32cube.ide.mcu.externaltools.gnu-tools-for-stm32.10.3-2021.10.win32_1.0.0.202111181127/tools/bin/../lib/gcc/arm-none-eabi/10.3.1/thumb/v6-m/nofp\libgcc.a

.debug_info     0x0000000000000000    0x12ef3
 .debug_info    0x0000000000000000      0x5f4 ./Drivers/STM32F0xx_HAL_Driver/Src/stm32f0xx_hal.o
 .debug_info    0x00000000000005f4      0xb2d ./Drivers/STM32F0xx_HAL_Driver/Src/stm32f0xx_hal_can.o
 .debug_info    0x0000000000001121      0x6fb ./Drivers/STM32F0xx_HAL_Driver/Src/stm32f0xx_hal_cortex.o
 .debug_info    0x000000000000181c      0x530 ./Drivers/STM32F0xx_HAL_Driver/Src/stm32f0xx_hal_flash.o
 .debug_info    0x0000000000001d4c      0x723 ./Drivers/STM32F0xx_HAL_Driver/Src/stm32f0xx_hal_flash_ex.o
 .debug_info    0x000000000000246f      0x63b ./Drivers/STM32F0xx_HAL_Driver/Src/stm32f0xx_hal_gpio.o
 .debug_info    0x0000000000002aaa      0x229 ./Drivers/STM32F0xx_HAL_Driver/Src/stm32f0xx_hal_iwdg.o
 .debug_info    0x0000000000002cd3     0x11e4 ./Drivers/STM32F0xx_HAL_Driver/Src/stm32f0xx_hal_pcd.o
 .debug_info    0x0000000000003eb7      0x5a5 ./Drivers/STM32F0xx_HAL_Driver/Src/stm32f0xx_hal_pcd_ex.o
 .debug_info    0x000000000000445c      0x7ec ./Drivers/STM32F0xx_HAL_Driver/Src/stm32f0xx_hal_rcc.o
 .debug_info    0x0000000000004c48      0x64c ./Drivers/STM32F0xx_HAL_Driver/Src/stm32f0xx_hal_rcc_ex.o
 .debug_info    0x0000000000005294     0x14ab ./Drivers/STM32F0xx_HAL_Driver/Src/stm32f0xx_hal_uart.o
 .debug_info    0x000000000000673f      0xbe1 ./Middlewares/ST/STM32_USB_Device_Library/Class/CDC/Src/usbd_cdc.o
 .debug_info    0x0000000000007320      0xaef ./Middlewares/ST/STM32_USB_Device_Library/Core/Src/usbd_core.o
 .debug_info    0x0000000000007e0f      0x993 ./Middlewares/ST/STM32_USB_Device_Library/Core/Src/usbd_ctlreq.o
 .debug_info    0x00000000000087a2      0x702 ./Middlewares/ST/STM32_USB_Device_Library/Core/Src/usbd_ioreq.o
 .debug_info    0x0000000000008ea4      0x2cb ./Src/bootloader/bootloader.o
 .debug_info    0x000000000000916f     0x1e35 ./Src/main.o
 .debug_info    0x000000000000afa4     0x1051 ./Src/stm32f0xx_hal_msp.o
 .debug_info    0x000000000000bff5     0x10aa ./Src/stm32f0xx_it.o
 .debug_info    0x000000000000d09f      0x2ad ./Src/system_stm32f0xx.o
 .debug_info    0x000000000000d34c      0x6b8 ./Src/usb_device.o
 .debug_info    0x000000000000da04      0x974 ./Src/usbd_cdc_if.o
 .debug_info    0x000000000000e378     0x1ae8 ./Src/usbd_conf.o
 .debug_info    0x000000000000fe60      0x512 ./Src/usbd_desc.o
 .debug_info    0x0000000000010372     0x201a ./Src/slcan/slcan.o
 .debug_info    0x000000000001238c      0xb45 ./Src/slcan/slcan_additional.o
 .debug_info    0x0000000000012ed1       0x22 ./startup/startup_stm32f042x6.o

.debug_abbrev   0x0000000000000000     0x3b1a
 .debug_abbrev  0x0000000000000000      0x1e3 ./Drivers/STM32F0xx_HAL_Driver/Src/stm32f0xx_hal.o
 .debug_abbrev  0x00000000000001e3      0x1ea ./Drivers/STM32F0xx_HAL_Driver/Src/stm32f0xx_hal_can.o
 .debug_abbrev  0x00000000000003cd      0x266 ./Drivers/STM32F0xx_HAL_Driver/Src/stm32f0xx_hal_cortex.o
 .debug_abbrev  0x0000000000000633      0x232 ./Drivers/STM32F0xx_HAL_Driver/Src/stm32f0xx_hal_flash.o
 .debug_abbrev  0x0000000000000865      0x239 ./Drivers/STM32F0xx_HAL_Driver/Src/stm32f0xx_hal_flash_ex.o
 .debug_abbrev  0x0000000000000a9e      0x1c4 ./Drivers/STM32F0xx_HAL_Driver/Src/stm32f0xx_hal_gpio.o
 .debug_abbrev  0x0000000000000c62      0x142 ./Drivers/STM32F0xx_HAL_Driver/Src/stm32f0xx_hal_iwdg.o
 .debug_abbrev  0x0000000000000da4      0x283 ./Drivers/STM32F0xx_HAL_Driver/Src/stm32f0xx_hal_pcd.o
 .debug_abbrev  0x0000000000001027      0x152 ./Drivers/STM32F0xx_HAL_Driver/Src/stm32f0xx_hal_pcd_ex.o
 .debug_abbrev  0x0000000000001179      0x25d ./Drivers/STM32F0xx_HAL_Driver/Src/stm32f0xx_hal_rcc.o
 .debug_abbrev  0x00000000000013d6      0x1ae ./Drivers/STM32F0xx_HAL_Driver/Src/stm32f0xx_hal_rcc_ex.o
 .debug_abbrev  0x0000000000001584      0x231 ./Drivers/STM32F0xx_HAL_Driver/Src/stm32f0xx_hal_uart.o
 .debug_abbrev  0x00000000000017b5      0x26f ./Middlewares/ST/STM32_USB_Device_Library/Class/CDC/Src/usbd_cdc.o
 .debug_abbrev  0x0000000000001a24      0x216 ./Middlewares/ST/STM32_USB_Device_Library/Core/Src/usbd_core.o
 .debug_abbrev  0x0000000000001c3a      0x237 ./Middlewares/ST/STM32_USB_Device_Library/Core/Src/usbd_ctlreq.o
 .debug_abbrev  0x0000000000001e71      0x163 ./Middlewares/ST/STM32_USB_Device_Library/Core/Src/usbd_ioreq.o
 .debug_abbrev  0x0000000000001fd4      0x130 ./Src/bootloader/bootloader.o
 .debug_abbrev  0x0000000000002104      0x475 ./Src/main.o
 .debug_abbrev  0x0000000000002579      0x201 ./Src/stm32f0xx_hal_msp.o
 .debug_abbrev  0x000000000000277a      0x20e ./Src/stm32f0xx_it.o
 .debug_abbrev  0x0000000000002988      0x134 ./Src/system_stm32f0xx.o
 .debug_abbrev  0x0000000000002abc      0x170 ./Src/usb_device.o
 .debug_abbrev  0x0000000000002c2c      0x2a5 ./Src/usbd_cdc_if.o
 .debug_abbrev  0x0000000000002ed1      0x338 ./Src/usbd_conf.o
 .debug_abbrev  0x0000000000003209      0x1b0 ./Src/usbd_desc.o
 .debug_abbrev  0x00000000000033b9      0x4dd ./Src/slcan/slcan.o
 .debug_abbrev  0x0000000000003896      0x272 ./Src/slcan/slcan_additional.o
 .debug_abbrev  0x0000000000003b08       0x12 ./startup/startup_stm32f042x6.o

.debug_aranges  0x0000000000000000      0xdc8
 .debug_aranges
                0x0000000000000000       0xb8 ./Drivers/STM32F0xx_HAL_Driver/Src/stm32f0xx_hal.o
 .debug_aranges
                0x00000000000000b8       0xb0 ./Drivers/STM32F0xx_HAL_Driver/Src/stm32f0xx_hal_can.o
 .debug_aranges
                0x0000000000000168       0xc0 ./Drivers/STM32F0xx_HAL_Driver/Src/stm32f0xx_hal_cortex.o
 .debug_aranges
                0x0000000000000228       0x88 ./Drivers/STM32F0xx_HAL_Driver/Src/stm32f0xx_hal_flash.o
 .debug_aranges
                0x00000000000002b0       0x98 ./Drivers/STM32F0xx_HAL_Driver/Src/stm32f0xx_hal_flash_ex.o
 .debug_aranges
                0x0000000000000348       0x58 ./Drivers/STM32F0xx_HAL_Driver/Src/stm32f0xx_hal_gpio.o
 .debug_aranges
                0x00000000000003a0       0x28 ./Drivers/STM32F0xx_HAL_Driver/Src/stm32f0xx_hal_iwdg.o
 .debug_aranges
                0x00000000000003c8      0x130 ./Drivers/STM32F0xx_HAL_Driver/Src/stm32f0xx_hal_pcd.o
 .debug_aranges
                0x00000000000004f8       0x20 ./Drivers/STM32F0xx_HAL_Driver/Src/stm32f0xx_hal_pcd_ex.o
 .debug_aranges
                0x0000000000000518       0x80 ./Drivers/STM32F0xx_HAL_Driver/Src/stm32f0xx_hal_rcc.o
 .debug_aranges
                0x0000000000000598       0x78 ./Drivers/STM32F0xx_HAL_Driver/Src/stm32f0xx_hal_rcc_ex.o
 .debug_aranges
                0x0000000000000610      0x1d8 ./Drivers/STM32F0xx_HAL_Driver/Src/stm32f0xx_hal_uart.o
 .debug_aranges
                0x00000000000007e8       0x90 ./Middlewares/ST/STM32_USB_Device_Library/Class/CDC/Src/usbd_cdc.o
 .debug_aranges
                0x0000000000000878       0xb8 ./Middlewares/ST/STM32_USB_Device_Library/Core/Src/usbd_core.o
 .debug_aranges
                0x0000000000000930       0x88 ./Middlewares/ST/STM32_USB_Device_Library/Core/Src/usbd_ctlreq.o
 .debug_aranges
                0x00000000000009b8       0x50 ./Middlewares/ST/STM32_USB_Device_Library/Core/Src/usbd_ioreq.o
 .debug_aranges
                0x0000000000000a08       0x28 ./Src/bootloader/bootloader.o
 .debug_aranges
                0x0000000000000a30       0x48 ./Src/main.o
 .debug_aranges
                0x0000000000000a78       0x40 ./Src/stm32f0xx_hal_msp.o
 .debug_aranges
                0x0000000000000ab8       0x58 ./Src/stm32f0xx_it.o
 .debug_aranges
                0x0000000000000b10       0x28 ./Src/system_stm32f0xx.o
 .debug_aranges
                0x0000000000000b38       0x20 ./Src/usb_device.o
 .debug_aranges
                0x0000000000000b58       0x40 ./Src/usbd_cdc_if.o
 .debug_aranges
                0x0000000000000b98      0x110 ./Src/usbd_conf.o
 .debug_aranges
                0x0000000000000ca8       0x50 ./Src/usbd_desc.o
 .debug_aranges
                0x0000000000000cf8       0x68 ./Src/slcan/slcan.o
 .debug_aranges
                0x0000000000000d60       0x40 ./Src/slcan/slcan_additional.o
 .debug_aranges
                0x0000000000000da0       0x28 ./startup/startup_stm32f042x6.o

.debug_ranges   0x0000000000000000      0xc78
 .debug_ranges  0x0000000000000000       0xa8 ./Drivers/STM32F0xx_HAL_Driver/Src/stm32f0xx_hal.o
 .debug_ranges  0x00000000000000a8       0xa0 ./Drivers/STM32F0xx_HAL_Driver/Src/stm32f0xx_hal_can.o
 .debug_ranges  0x0000000000000148       0xb0 ./Drivers/STM32F0xx_HAL_Driver/Src/stm32f0xx_hal_cortex.o
 .debug_ranges  0x00000000000001f8       0x78 ./Drivers/STM32F0xx_HAL_Driver/Src/stm32f0xx_hal_flash.o
 .debug_ranges  0x0000000000000270       0x88 ./Drivers/STM32F0xx_HAL_Driver/Src/stm32f0xx_hal_flash_ex.o
 .debug_ranges  0x00000000000002f8       0x48 ./Drivers/STM32F0xx_HAL_Driver/Src/stm32f0xx_hal_gpio.o
 .debug_ranges  0x0000000000000340       0x18 ./Drivers/STM32F0xx_HAL_Driver/Src/stm32f0xx_hal_iwdg.o
 .debug_ranges  0x0000000000000358      0x120 ./Drivers/STM32F0xx_HAL_Driver/Src/stm32f0xx_hal_pcd.o
 .debug_ranges  0x0000000000000478       0x10 ./Drivers/STM32F0xx_HAL_Driver/Src/stm32f0xx_hal_pcd_ex.o
 .debug_ranges  0x0000000000000488       0x70 ./Drivers/STM32F0xx_HAL_Driver/Src/stm32f0xx_hal_rcc.o
 .debug_ranges  0x00000000000004f8       0x68 ./Drivers/STM32F0xx_HAL_Driver/Src/stm32f0xx_hal_rcc_ex.o
 .debug_ranges  0x0000000000000560      0x1c8 ./Drivers/STM32F0xx_HAL_Driver/Src/stm32f0xx_hal_uart.o
 .debug_ranges  0x0000000000000728       0x80 ./Middlewares/ST/STM32_USB_Device_Library/Class/CDC/Src/usbd_cdc.o
 .debug_ranges  0x00000000000007a8       0xa8 ./Middlewares/ST/STM32_USB_Device_Library/Core/Src/usbd_core.o
 .debug_ranges  0x0000000000000850       0x78 ./Middlewares/ST/STM32_USB_Device_Library/Core/Src/usbd_ctlreq.o
 .debug_ranges  0x00000000000008c8       0x40 ./Middlewares/ST/STM32_USB_Device_Library/Core/Src/usbd_ioreq.o
 .debug_ranges  0x0000000000000908       0x18 ./Src/bootloader/bootloader.o
 .debug_ranges  0x0000000000000920       0x50 ./Src/main.o
 .debug_ranges  0x0000000000000970       0x30 ./Src/stm32f0xx_hal_msp.o
 .debug_ranges  0x00000000000009a0       0x48 ./Src/stm32f0xx_it.o
 .debug_ranges  0x00000000000009e8       0x18 ./Src/system_stm32f0xx.o
 .debug_ranges  0x0000000000000a00       0x10 ./Src/usb_device.o
 .debug_ranges  0x0000000000000a10       0x30 ./Src/usbd_cdc_if.o
 .debug_ranges  0x0000000000000a40      0x100 ./Src/usbd_conf.o
 .debug_ranges  0x0000000000000b40       0x40 ./Src/usbd_desc.o
 .debug_ranges  0x0000000000000b80       0xa8 ./Src/slcan/slcan.o
 .debug_ranges  0x0000000000000c28       0x30 ./Src/slcan/slcan_additional.o
 .debug_ranges  0x0000000000000c58       0x20 ./startup/startup_stm32f042x6.o

.debug_macro    0x0000000000000000    0x1a846
 .debug_macro   0x0000000000000000      0x35d ./Drivers/STM32F0xx_HAL_Driver/Src/stm32f0xx_hal.o
 .debug_macro   0x000000000000035d      0xa54 ./Drivers/STM32F0xx_HAL_Driver/Src/stm32f0xx_hal.o
 .debug_macro   0x0000000000000db1       0x1c ./Drivers/STM32F0xx_HAL_Driver/Src/stm32f0xx_hal.o
 .debug_macro   0x0000000000000dcd       0xb7 ./Drivers/STM32F0xx_HAL_Driver/Src/stm32f0xx_hal.o
 .debug_macro   0x0000000000000e84       0x2e ./Drivers/STM32F0xx_HAL_Driver/Src/stm32f0xx_hal.o
 .debug_macro   0x0000000000000eb2       0x22 ./Drivers/STM32F0xx_HAL_Driver/Src/stm32f0xx_hal.o
 .debug_macro   0x0000000000000ed4       0x22 ./Drivers/STM32F0xx_HAL_Driver/Src/stm32f0xx_hal.o
 .debug_macro   0x0000000000000ef6       0x8e ./Drivers/STM32F0xx_HAL_Driver/Src/stm32f0xx_hal.o
 .debug_macro   0x0000000000000f84       0x51 ./Drivers/STM32F0xx_HAL_Driver/Src/stm32f0xx_hal.o
 .debug_macro   0x0000000000000fd5      0x103 ./Drivers/STM32F0xx_HAL_Driver/Src/stm32f0xx_hal.o
 .debug_macro   0x00000000000010d8       0x6a ./Drivers/STM32F0xx_HAL_Driver/Src/stm32f0xx_hal.o
 .debug_macro   0x0000000000001142      0x1df ./Drivers/STM32F0xx_HAL_Driver/Src/stm32f0xx_hal.o
 .debug_macro   0x0000000000001321       0x34 ./Drivers/STM32F0xx_HAL_Driver/Src/stm32f0xx_hal.o
 .debug_macro   0x0000000000001355       0x26 ./Drivers/STM32F0xx_HAL_Driver/Src/stm32f0xx_hal.o
 .debug_macro   0x000000000000137b      0x30d ./Drivers/STM32F0xx_HAL_Driver/Src/stm32f0xx_hal.o
 .debug_macro   0x0000000000001688     0xf1ed ./Drivers/STM32F0xx_HAL_Driver/Src/stm32f0xx_hal.o
 .debug_macro   0x0000000000010875       0x3c ./Drivers/STM32F0xx_HAL_Driver/Src/stm32f0xx_hal.o
 .debug_macro   0x00000000000108b1       0x52 ./Drivers/STM32F0xx_HAL_Driver/Src/stm32f0xx_hal.o
 .debug_macro   0x0000000000010903       0x18 ./Drivers/STM32F0xx_HAL_Driver/Src/stm32f0xx_hal.o
 .debug_macro   0x000000000001091b       0x3c ./Drivers/STM32F0xx_HAL_Driver/Src/stm32f0xx_hal.o
 .debug_macro   0x0000000000010957       0x34 ./Drivers/STM32F0xx_HAL_Driver/Src/stm32f0xx_hal.o
 .debug_macro   0x000000000001098b       0x16 ./Drivers/STM32F0xx_HAL_Driver/Src/stm32f0xx_hal.o
 .debug_macro   0x00000000000109a1       0x97 ./Drivers/STM32F0xx_HAL_Driver/Src/stm32f0xx_hal.o
 .debug_macro   0x0000000000010a38      0x341 ./Drivers/STM32F0xx_HAL_Driver/Src/stm32f0xx_hal.o
 .debug_macro   0x0000000000010d79       0xfd ./Drivers/STM32F0xx_HAL_Driver/Src/stm32f0xx_hal.o
 .debug_macro   0x0000000000010e76       0x10 ./Drivers/STM32F0xx_HAL_Driver/Src/stm32f0xx_hal.o
 .debug_macro   0x0000000000010e86       0x16 ./Drivers/STM32F0xx_HAL_Driver/Src/stm32f0xx_hal.o
 .debug_macro   0x0000000000010e9c       0x43 ./Drivers/STM32F0xx_HAL_Driver/Src/stm32f0xx_hal.o
 .debug_macro   0x0000000000010edf       0x34 ./Drivers/STM32F0xx_HAL_Driver/Src/stm32f0xx_hal.o
 .debug_macro   0x0000000000010f13       0x10 ./Drivers/STM32F0xx_HAL_Driver/Src/stm32f0xx_hal.o
 .debug_macro   0x0000000000010f23       0x58 ./Drivers/STM32F0xx_HAL_Driver/Src/stm32f0xx_hal.o
 .debug_macro   0x0000000000010f7b       0x71 ./Drivers/STM32F0xx_HAL_Driver/Src/stm32f0xx_hal.o
 .debug_macro   0x0000000000010fec       0x1c ./Drivers/STM32F0xx_HAL_Driver/Src/stm32f0xx_hal.o
 .debug_macro   0x0000000000011008      0x12a ./Drivers/STM32F0xx_HAL_Driver/Src/stm32f0xx_hal.o
 .debug_macro   0x0000000000011132       0x10 ./Drivers/STM32F0xx_HAL_Driver/Src/stm32f0xx_hal.o
 .debug_macro   0x0000000000011142       0x1c ./Drivers/STM32F0xx_HAL_Driver/Src/stm32f0xx_hal.o
 .debug_macro   0x000000000001115e       0x52 ./Drivers/STM32F0xx_HAL_Driver/Src/stm32f0xx_hal.o
 .debug_macro   0x00000000000111b0       0x22 ./Drivers/STM32F0xx_HAL_Driver/Src/stm32f0xx_hal.o
 .debug_macro   0x00000000000111d2       0x10 ./Drivers/STM32F0xx_HAL_Driver/Src/stm32f0xx_hal.o
 .debug_macro   0x00000000000111e2       0x52 ./Drivers/STM32F0xx_HAL_Driver/Src/stm32f0xx_hal.o
 .debug_macro   0x0000000000011234       0xd5 ./Drivers/STM32F0xx_HAL_Driver/Src/stm32f0xx_hal.o
 .debug_macro   0x0000000000011309       0x1c ./Drivers/STM32F0xx_HAL_Driver/Src/stm32f0xx_hal.o
 .debug_macro   0x0000000000011325       0x3d ./Drivers/STM32F0xx_HAL_Driver/Src/stm32f0xx_hal.o
 .debug_macro   0x0000000000011362       0x16 ./Drivers/STM32F0xx_HAL_Driver/Src/stm32f0xx_hal.o
 .debug_macro   0x0000000000011378      0x145 ./Drivers/STM32F0xx_HAL_Driver/Src/stm32f0xx_hal.o
 .debug_macro   0x00000000000114bd       0x49 ./Drivers/STM32F0xx_HAL_Driver/Src/stm32f0xx_hal.o
 .debug_macro   0x0000000000011506      0x951 ./Drivers/STM32F0xx_HAL_Driver/Src/stm32f0xx_hal.o
 .debug_macro   0x0000000000011e57      0x46b ./Drivers/STM32F0xx_HAL_Driver/Src/stm32f0xx_hal.o
 .debug_macro   0x00000000000122c2      0x13a ./Drivers/STM32F0xx_HAL_Driver/Src/stm32f0xx_hal.o
 .debug_macro   0x00000000000123fc      0x130 ./Drivers/STM32F0xx_HAL_Driver/Src/stm32f0xx_hal.o
 .debug_macro   0x000000000001252c      0x1ed ./Drivers/STM32F0xx_HAL_Driver/Src/stm32f0xx_hal.o
 .debug_macro   0x0000000000012719       0x34 ./Drivers/STM32F0xx_HAL_Driver/Src/stm32f0xx_hal.o
 .debug_macro   0x000000000001274d       0x43 ./Drivers/STM32F0xx_HAL_Driver/Src/stm32f0xx_hal.o
 .debug_macro   0x0000000000012790       0x28 ./Drivers/STM32F0xx_HAL_Driver/Src/stm32f0xx_hal.o
 .debug_macro   0x00000000000127b8      0x391 ./Drivers/STM32F0xx_HAL_Driver/Src/stm32f0xx_hal.o
 .debug_macro   0x0000000000012b49       0xb6 ./Drivers/STM32F0xx_HAL_Driver/Src/stm32f0xx_hal.o
 .debug_macro   0x0000000000012bff      0x182 ./Drivers/STM32F0xx_HAL_Driver/Src/stm32f0xx_hal.o
 .debug_macro   0x0000000000012d81      0x202 ./Drivers/STM32F0xx_HAL_Driver/Src/stm32f0xx_hal.o
 .debug_macro   0x0000000000012f83       0x61 ./Drivers/STM32F0xx_HAL_Driver/Src/stm32f0xx_hal.o
 .debug_macro   0x0000000000012fe4       0x90 ./Drivers/STM32F0xx_HAL_Driver/Src/stm32f0xx_hal.o
 .debug_macro   0x0000000000013074       0x87 ./Drivers/STM32F0xx_HAL_Driver/Src/stm32f0xx_hal.o
 .debug_macro   0x00000000000130fb      0x265 ./Drivers/STM32F0xx_HAL_Driver/Src/stm32f0xx_hal.o
 .debug_macro   0x0000000000013360       0x4d ./Drivers/STM32F0xx_HAL_Driver/Src/stm32f0xx_hal.o
 .debug_macro   0x00000000000133ad      0x161 ./Drivers/STM32F0xx_HAL_Driver/Src/stm32f0xx_hal.o
 .debug_macro   0x000000000001350e      0x38a ./Drivers/STM32F0xx_HAL_Driver/Src/stm32f0xx_hal.o
 .debug_macro   0x0000000000013898      0x209 ./Drivers/STM32F0xx_HAL_Driver/Src/stm32f0xx_hal.o
 .debug_macro   0x0000000000013aa1      0x127 ./Drivers/STM32F0xx_HAL_Driver/Src/stm32f0xx_hal.o
 .debug_macro   0x0000000000013bc8      0x33f ./Drivers/STM32F0xx_HAL_Driver/Src/stm32f0xx_hal_can.o
 .debug_macro   0x0000000000013f07      0x339 ./Drivers/STM32F0xx_HAL_Driver/Src/stm32f0xx_hal_cortex.o
 .debug_macro   0x0000000000014240      0x339 ./Drivers/STM32F0xx_HAL_Driver/Src/stm32f0xx_hal_flash.o
 .debug_macro   0x0000000000014579      0x34b ./Drivers/STM32F0xx_HAL_Driver/Src/stm32f0xx_hal_flash_ex.o
 .debug_macro   0x00000000000148c4      0x371 ./Drivers/STM32F0xx_HAL_Driver/Src/stm32f0xx_hal_gpio.o
 .debug_macro   0x0000000000014c35      0x340 ./Drivers/STM32F0xx_HAL_Driver/Src/stm32f0xx_hal_iwdg.o
 .debug_macro   0x0000000000014f75      0x33f ./Drivers/STM32F0xx_HAL_Driver/Src/stm32f0xx_hal_pcd.o
 .debug_macro   0x00000000000152b4      0x339 ./Drivers/STM32F0xx_HAL_Driver/Src/stm32f0xx_hal_pcd_ex.o
 .debug_macro   0x00000000000155ed      0x34b ./Drivers/STM32F0xx_HAL_Driver/Src/stm32f0xx_hal_rcc.o
 .debug_macro   0x0000000000015938      0x34b ./Drivers/STM32F0xx_HAL_Driver/Src/stm32f0xx_hal_rcc_ex.o
 .debug_macro   0x0000000000015c83      0x341 ./Drivers/STM32F0xx_HAL_Driver/Src/stm32f0xx_hal_uart.o
 .debug_macro   0x0000000000015fc4      0x3fe ./Middlewares/ST/STM32_USB_Device_Library/Class/CDC/Src/usbd_cdc.o
 .debug_macro   0x00000000000163c2       0x4c ./Middlewares/ST/STM32_USB_Device_Library/Class/CDC/Src/usbd_cdc.o
 .debug_macro   0x000000000001640e       0x94 ./Middlewares/ST/STM32_USB_Device_Library/Class/CDC/Src/usbd_cdc.o
 .debug_macro   0x00000000000164a2       0x57 ./Middlewares/ST/STM32_USB_Device_Library/Class/CDC/Src/usbd_cdc.o
 .debug_macro   0x00000000000164f9       0x16 ./Middlewares/ST/STM32_USB_Device_Library/Class/CDC/Src/usbd_cdc.o
 .debug_macro   0x000000000001650f       0x35 ./Middlewares/ST/STM32_USB_Device_Library/Class/CDC/Src/usbd_cdc.o
 .debug_macro   0x0000000000016544       0x16 ./Middlewares/ST/STM32_USB_Device_Library/Class/CDC/Src/usbd_cdc.o
 .debug_macro   0x000000000001655a       0x29 ./Middlewares/ST/STM32_USB_Device_Library/Class/CDC/Src/usbd_cdc.o
 .debug_macro   0x0000000000016583       0x16 ./Middlewares/ST/STM32_USB_Device_Library/Class/CDC/Src/usbd_cdc.o
 .debug_macro   0x0000000000016599       0x20 ./Middlewares/ST/STM32_USB_Device_Library/Class/CDC/Src/usbd_cdc.o
 .debug_macro   0x00000000000165b9       0x6a ./Middlewares/ST/STM32_USB_Device_Library/Class/CDC/Src/usbd_cdc.o
 .debug_macro   0x0000000000016623      0x1c3 ./Middlewares/ST/STM32_USB_Device_Library/Class/CDC/Src/usbd_cdc.o
 .debug_macro   0x00000000000167e6       0x83 ./Middlewares/ST/STM32_USB_Device_Library/Class/CDC/Src/usbd_cdc.o
 .debug_macro   0x0000000000016869      0x3e5 ./Middlewares/ST/STM32_USB_Device_Library/Core/Src/usbd_core.o
 .debug_macro   0x0000000000016c4e      0x3e5 ./Middlewares/ST/STM32_USB_Device_Library/Core/Src/usbd_ctlreq.o
 .debug_macro   0x0000000000017033      0x3e1 ./Middlewares/ST/STM32_USB_Device_Library/Core/Src/usbd_ioreq.o
 .debug_macro   0x0000000000017414      0x3c9 ./Src/bootloader/bootloader.o
 .debug_macro   0x00000000000177dd      0xa54 ./Src/bootloader/bootloader.o
 .debug_macro   0x0000000000018231      0x431 ./Src/main.o
 .debug_macro   0x0000000000018662       0x76 ./Src/main.o
 .debug_macro   0x00000000000186d8      0x339 ./Src/stm32f0xx_hal_msp.o
 .debug_macro   0x0000000000018a11      0x343 ./Src/stm32f0xx_it.o
 .debug_macro   0x0000000000018d54      0x339 ./Src/system_stm32f0xx.o
 .debug_macro   0x000000000001908d      0x41c ./Src/usb_device.o
 .debug_macro   0x00000000000194a9      0x40f ./Src/usbd_cdc_if.o
 .debug_macro   0x00000000000198b8      0x3fe ./Src/usbd_conf.o
 .debug_macro   0x0000000000019cb6      0x41f ./Src/usbd_desc.o
 .debug_macro   0x000000000001a0d5      0x425 ./Src/slcan/slcan.o
 .debug_macro   0x000000000001a4fa      0x34c ./Src/slcan/slcan_additional.o

.debug_line     0x0000000000000000    0x15a79
 .debug_line    0x0000000000000000      0xa8b ./Drivers/STM32F0xx_HAL_Driver/Src/stm32f0xx_hal.o
 .debug_line    0x0000000000000a8b     0x14ba ./Drivers/STM32F0xx_HAL_Driver/Src/stm32f0xx_hal_can.o
 .debug_line    0x0000000000001f45      0xb9d ./Drivers/STM32F0xx_HAL_Driver/Src/stm32f0xx_hal_cortex.o
 .debug_line    0x0000000000002ae2      0xbc3 ./Drivers/STM32F0xx_HAL_Driver/Src/stm32f0xx_hal_flash.o
 .debug_line    0x00000000000036a5      0xc76 ./Drivers/STM32F0xx_HAL_Driver/Src/stm32f0xx_hal_flash_ex.o
 .debug_line    0x000000000000431b      0xb5e ./Drivers/STM32F0xx_HAL_Driver/Src/stm32f0xx_hal_gpio.o
 .debug_line    0x0000000000004e79      0x902 ./Drivers/STM32F0xx_HAL_Driver/Src/stm32f0xx_hal_iwdg.o
 .debug_line    0x000000000000577b     0x148b ./Drivers/STM32F0xx_HAL_Driver/Src/stm32f0xx_hal_pcd.o
 .debug_line    0x0000000000006c06      0x8c2 ./Drivers/STM32F0xx_HAL_Driver/Src/stm32f0xx_hal_pcd_ex.o
 .debug_line    0x00000000000074c8      0xcea ./Drivers/STM32F0xx_HAL_Driver/Src/stm32f0xx_hal_rcc.o
 .debug_line    0x00000000000081b2      0xd40 ./Drivers/STM32F0xx_HAL_Driver/Src/stm32f0xx_hal_rcc_ex.o
 .debug_line    0x0000000000008ef2     0x1ab8 ./Drivers/STM32F0xx_HAL_Driver/Src/stm32f0xx_hal_uart.o
 .debug_line    0x000000000000a9aa      0xc88 ./Middlewares/ST/STM32_USB_Device_Library/Class/CDC/Src/usbd_cdc.o
 .debug_line    0x000000000000b632      0xd35 ./Middlewares/ST/STM32_USB_Device_Library/Core/Src/usbd_core.o
 .debug_line    0x000000000000c367      0xe77 ./Middlewares/ST/STM32_USB_Device_Library/Core/Src/usbd_ctlreq.o
 .debug_line    0x000000000000d1de      0xa2b ./Middlewares/ST/STM32_USB_Device_Library/Core/Src/usbd_ioreq.o
 .debug_line    0x000000000000dc09      0x989 ./Src/bootloader/bootloader.o
 .debug_line    0x000000000000e592      0xcf9 ./Src/main.o
 .debug_line    0x000000000000f28b      0x99a ./Src/stm32f0xx_hal_msp.o
 .debug_line    0x000000000000fc25      0x930 ./Src/stm32f0xx_it.o
 .debug_line    0x0000000000010555      0x992 ./Src/system_stm32f0xx.o
 .debug_line    0x0000000000010ee7      0x9c3 ./Src/usb_device.o
 .debug_line    0x00000000000118aa      0xaaf ./Src/usbd_cdc_if.o
 .debug_line    0x0000000000012359      0xf39 ./Src/usbd_conf.o
 .debug_line    0x0000000000013292      0xa67 ./Src/usbd_desc.o
 .debug_line    0x0000000000013cf9     0x11ff ./Src/slcan/slcan.o
 .debug_line    0x0000000000014ef8      0xaec ./Src/slcan/slcan_additional.o
 .debug_line    0x00000000000159e4       0x95 ./startup/startup_stm32f042x6.o

.debug_str      0x0000000000000000    0x76135
 .debug_str     0x0000000000000000    0x716ee ./Drivers/STM32F0xx_HAL_Driver/Src/stm32f0xx_hal.o
                                      0x71962 (size before relaxing)
 .debug_str     0x00000000000716ee      0x54d ./Drivers/STM32F0xx_HAL_Driver/Src/stm32f0xx_hal_can.o
                                      0x71997 (size before relaxing)
 .debug_str     0x0000000000071c3b      0x1bc ./Drivers/STM32F0xx_HAL_Driver/Src/stm32f0xx_hal_cortex.o
                                      0x71806 (size before relaxing)
 .debug_str     0x0000000000071df7      0x29b ./Drivers/STM32F0xx_HAL_Driver/Src/stm32f0xx_hal_flash.o
                                      0x71721 (size before relaxing)
 .debug_str     0x0000000000072092      0x2ee ./Drivers/STM32F0xx_HAL_Driver/Src/stm32f0xx_hal_flash_ex.o
                                      0x71873 (size before relaxing)
 .debug_str     0x0000000000072380      0x283 ./Drivers/STM32F0xx_HAL_Driver/Src/stm32f0xx_hal_gpio.o
                                      0x716da (size before relaxing)
 .debug_str     0x0000000000072603       0xbf ./Drivers/STM32F0xx_HAL_Driver/Src/stm32f0xx_hal_iwdg.o
                                      0x714b1 (size before relaxing)
 .debug_str     0x00000000000726c2      0x63d ./Drivers/STM32F0xx_HAL_Driver/Src/stm32f0xx_hal_pcd.o
                                      0x71ac2 (size before relaxing)
 .debug_str     0x0000000000072cff       0x57 ./Drivers/STM32F0xx_HAL_Driver/Src/stm32f0xx_hal_pcd_ex.o
                                      0x71718 (size before relaxing)
 .debug_str     0x0000000000072d56      0x343 ./Drivers/STM32F0xx_HAL_Driver/Src/stm32f0xx_hal_rcc.o
                                      0x71862 (size before relaxing)
 .debug_str     0x0000000000073099      0x3c2 ./Drivers/STM32F0xx_HAL_Driver/Src/stm32f0xx_hal_rcc_ex.o
                                      0x71860 (size before relaxing)
 .debug_str     0x000000000007345b      0xa88 ./Drivers/STM32F0xx_HAL_Driver/Src/stm32f0xx_hal_uart.o
                                      0x72000 (size before relaxing)
 .debug_str     0x0000000000073ee3     0x1346 ./Middlewares/ST/STM32_USB_Device_Library/Class/CDC/Src/usbd_cdc.o
                                      0x727ef (size before relaxing)
 .debug_str     0x0000000000075229      0x288 ./Middlewares/ST/STM32_USB_Device_Library/Core/Src/usbd_core.o
                                      0x724a5 (size before relaxing)
 .debug_str     0x00000000000754b1      0x12e ./Middlewares/ST/STM32_USB_Device_Library/Core/Src/usbd_ctlreq.o
                                      0x723bf (size before relaxing)
 .debug_str     0x00000000000755df       0x51 ./Middlewares/ST/STM32_USB_Device_Library/Core/Src/usbd_ioreq.o
                                      0x722ec (size before relaxing)
 .debug_str     0x0000000000075630      0x10f ./Src/bootloader/bootloader.o
                                      0x71f60 (size before relaxing)
 .debug_str     0x000000000007573f      0x2fd ./Src/main.o
                                      0x73522 (size before relaxing)
 .debug_str     0x0000000000075a3c       0x1b ./Src/stm32f0xx_hal_msp.o
                                      0x71dc2 (size before relaxing)
 .debug_str     0x0000000000075a57       0xb1 ./Src/stm32f0xx_it.o
                                      0x71e53 (size before relaxing)
 .debug_str     0x0000000000075b08       0x3b ./Src/system_stm32f0xx.o
                                      0x7147e (size before relaxing)
 .debug_str     0x0000000000075b43       0x33 ./Src/usb_device.o
                                      0x7258a (size before relaxing)
 .debug_str     0x0000000000075b76       0xc6 ./Src/usbd_cdc_if.o
                                      0x727cc (size before relaxing)
 .debug_str     0x0000000000075c3c       0x8c ./Src/usbd_conf.o
                                      0x72ef2 (size before relaxing)
 .debug_str     0x0000000000075cc8      0x21a ./Src/usbd_desc.o
                                      0x72169 (size before relaxing)
 .debug_str     0x0000000000075ee2      0x204 ./Src/slcan/slcan.o
                                      0x73331 (size before relaxing)
 .debug_str     0x00000000000760e6       0x20 ./Src/slcan/slcan_additional.o
                                      0x71a83 (size before relaxing)
 .debug_str     0x0000000000076106       0x2f ./startup/startup_stm32f042x6.o
                                         0x70 (size before relaxing)

.comment        0x0000000000000000       0x50
 .comment       0x0000000000000000       0x50 ./Drivers/STM32F0xx_HAL_Driver/Src/stm32f0xx_hal.o
                                         0x51 (size before relaxing)
 .comment       0x0000000000000050       0x51 ./Drivers/STM32F0xx_HAL_Driver/Src/stm32f0xx_hal_can.o
 .comment       0x0000000000000050       0x51 ./Drivers/STM32F0xx_HAL_Driver/Src/stm32f0xx_hal_cortex.o
 .comment       0x0000000000000050       0x51 ./Drivers/STM32F0xx_HAL_Driver/Src/stm32f0xx_hal_flash.o
 .comment       0x0000000000000050       0x51 ./Drivers/STM32F0xx_HAL_Driver/Src/stm32f0xx_hal_flash_ex.o
 .comment       0x0000000000000050       0x51 ./Drivers/STM32F0xx_HAL_Driver/Src/stm32f0xx_hal_gpio.o
 .comment       0x0000000000000050       0x51 ./Drivers/STM32F0xx_HAL_Driver/Src/stm32f0xx_hal_iwdg.o
 .comment       0x0000000000000050       0x51 ./Drivers/STM32F0xx_HAL_Driver/Src/stm32f0xx_hal_pcd.o
 .comment       0x0000000000000050       0x51 ./Drivers/STM32F0xx_HAL_Driver/Src/stm32f0xx_hal_pcd_ex.o
 .comment       0x0000000000000050       0x51 ./Drivers/STM32F0xx_HAL_Driver/Src/stm32f0xx_hal_rcc.o
 .comment       0x0000000000000050       0x51 ./Drivers/STM32F0xx_HAL_Driver/Src/stm32f0xx_hal_rcc_ex.o
 .comment       0x0000000000000050       0x51 ./Drivers/STM32F0xx_HAL_Driver/Src/stm32f0xx_hal_uart.o
 .comment       0x0000000000000050       0x51 ./Middlewares/ST/STM32_USB_Device_Library/Class/CDC/Src/usbd_cdc.o
 .comment       0x0000000000000050       0x51 ./Middlewares/ST/STM32_USB_Device_Library/Core/Src/usbd_core.o
 .comment       0x0000000000000050       0x51 ./Middlewares/ST/STM32_USB_Device_Library/Core/Src/usbd_ctlreq.o
 .comment       0x0000000000000050       0x51 ./Middlewares/ST/STM32_USB_Device_Library/Core/Src/usbd_ioreq.o
 .comment       0x0000000000000050       0x51 ./Src/bootloader/bootloader.o
 .comment       0x0000000000000050       0x51 ./Src/main.o
 .comment       0x0000000000000050       0x51 ./Src/stm32f0xx_hal_msp.o
 .comment       0x0000000000000050       0x51 ./Src/stm32f0xx_it.o
 .comment       0x0000000000000050       0x51 ./Src/system_stm32f0xx.o
 .comment       0x0000000000000050       0x51 ./Src/usb_device.o
 .comment       0x0000000000000050       0x51 ./Src/usbd_cdc_if.o
 .comment       0x0000000000000050       0x51 ./Src/usbd_conf.o
 .comment       0x0000000000000050       0x51 ./Src/usbd_desc.o
 .comment       0x0000000000000050       0x51 ./Src/slcan/slcan.o
 .comment       0x0000000000000050       0x51 ./Src/slcan/slcan_additional.o

.debug_frame    0x0000000000000000     0x2b38
 .debug_frame   0x0000000000000000      0x248 ./Drivers/STM32F0xx_HAL_Driver/Src/stm32f0xx_hal.o
 .debug_frame   0x0000000000000248      0x270 ./Drivers/STM32F0xx_HAL_Driver/Src/stm32f0xx_hal_can.o
 .debug_frame   0x00000000000004b8      0x2a0 ./Drivers/STM32F0xx_HAL_Driver/Src/stm32f0xx_hal_cortex.o
 .debug_frame   0x0000000000000758      0x1c0 ./Drivers/STM32F0xx_HAL_Driver/Src/stm32f0xx_hal_flash.o
 .debug_frame   0x0000000000000918      0x220 ./Drivers/STM32F0xx_HAL_Driver/Src/stm32f0xx_hal_flash_ex.o
 .debug_frame   0x0000000000000b38      0x110 ./Drivers/STM32F0xx_HAL_Driver/Src/stm32f0xx_hal_gpio.o
 .debug_frame   0x0000000000000c48       0x50 ./Drivers/STM32F0xx_HAL_Driver/Src/stm32f0xx_hal_iwdg.o
 .debug_frame   0x0000000000000c98      0x470 ./Drivers/STM32F0xx_HAL_Driver/Src/stm32f0xx_hal_pcd.o
 .debug_frame   0x0000000000001108       0x30 ./Drivers/STM32F0xx_HAL_Driver/Src/stm32f0xx_hal_pcd_ex.o